../../Drivers/STM32N6xx_HAL_Driver/Inc/stm32n6xx_ll_bus.h:879:22:LL_AHB1_GRP1_EnableClock	24	static
../../Drivers/STM32N6xx_HAL_Driver/Inc/stm32n6xx_ll_bus.h:1165:22:LL_AHB3_GRP1_EnableClock	24	static
../../Drivers/STM32N6xx_HAL_Driver/Inc/stm32n6xx_ll_bus.h:1407:22:LL_AHB4_GRP1_EnableClock	24	static
../Core/Src/main.c:83:5:main	24	static
../Core/Src/main.c:158:13:MX_CACHEAXI_Init	8	static
../Core/Src/main.c:184:13:MX_GPDMA1_Init	8	static
../Core/Src/main.c:214:15:SystemIsolation_Config	16	static
../Core/Src/main.c:281:13:MX_USART3_UART_Init	8	static
../Core/Src/main.c:329:13:MX_XSPI2_Init	24	static
../Core/Src/main.c:380:13:MX_GPIO_Init	32	static
../Core/Src/main.c:460:6:Error_Handler	4	static,ignoring_inline_asm
