../../Drivers/STM32N6xx_HAL_Driver/Inc/stm32n6xx_ll_bus.h:879:22:LL_AHB1_GRP1_EnableClock	24	static
../../Drivers/STM32N6xx_HAL_Driver/Inc/stm32n6xx_ll_bus.h:1165:22:LL_AHB3_GRP1_EnableClock	24	static
../../Drivers/STM32N6xx_HAL_Driver/Inc/stm32n6xx_ll_bus.h:1407:22:LL_AHB4_GRP1_EnableClock	24	static
../Core/Src/main.c:84:5:main	24	static
../Core/Src/main.c:161:13:MX_CACHEAXI_Init	8	static
../Core/Src/main.c:187:13:MX_GPDMA1_Init	8	static
../Core/Src/main.c:217:15:SystemIsolation_Config	16	static
../Core/Src/main.c:284:13:MX_USART3_UART_Init	8	static
../Core/Src/main.c:332:13:MX_XSPI2_Init	24	static
../Core/Src/main.c:383:13:MX_GPIO_Init	32	static
../Core/Src/main.c:457:6:HAL_UART_TxCpltCallback	16	static
../Core/Src/main.c:463:6:HAL_UART_RxCpltCallback	16	static
../Core/Src/main.c:475:6:Error_Handler	4	static,ignoring_inline_asm
