../../Drivers/STM32N6xx_HAL_Driver/Inc/stm32n6xx_ll_bus.h:879:22:LL_AHB1_GRP1_EnableClock	1
../../Drivers/STM32N6xx_HAL_Driver/Inc/stm32n6xx_ll_bus.h:1165:22:LL_AHB3_GRP1_EnableClock	1
../../Drivers/STM32N6xx_HAL_Driver/Inc/stm32n6xx_ll_bus.h:1407:22:LL_AHB4_GRP1_EnableClock	1
../Core/Src/main.c:79:5:main	1
../Core/Src/main.c:125:13:MX_CACHEAXI_Init	2
../Core/Src/main.c:151:13:MX_GPDMA1_Init	1
../Core/Src/main.c:181:15:SystemIsolation_Config	3
../Core/Src/main.c:248:13:MX_USART3_UART_Init	5
../Core/Src/main.c:296:13:MX_XSPI2_Init	3
../Core/Src/main.c:347:13:MX_GPIO_Init	1
../Core/Src/main.c:427:6:Error_Handler	1
