../Core/Inc/hand/servo.hpp:46:14:ServoBus::ServoBus(ISerialPort&)	16	static
../Core/Inc/hand/serial_commander.hpp:26:10:void SerialCommander::setExecutor(ICommandExecutor*)	16	static
../Core/Src/hand/hand_bridge.cpp:29:10:virtual bool DefaultGripExecutor::executeGrip(HandControl::Hand::Side, HandControl::GripType)	24	static
../Core/Inc/hand/serial_commander.hpp:18:13:ICommandExecutor::~ICommandExecutor()	16	static
../Core/Inc/hand/serial_commander.hpp:18:13:virtual ICommandExecutor::~ICommandExecutor()	16	static
../Core/Src/hand/hand_bridge.cpp:43:10:virtual bool CExecutorAdapter::executeGrip(HandControl::Hand::Side, HandControl::GripType)	24	static
../Core/Src/hand/hand_bridge.cpp:52:6:void hand_bridge_init()	8	static
../Core/Src/hand/hand_bridge.cpp:57:6:void hand_bridge_set_executor(hand_grip_executor_t)	16	static
../Core/Src/hand/hand_bridge.cpp:66:6:bool hand_bridge_set_target_grip(uint8_t, uint8_t, uint16_t)	24	static
../Core/Src/hand/hand_bridge.cpp:77:6:void hand_bridge_update()	8	static
../Core/Src/hand/hand_bridge.cpp:82:6:bool commander_bridge_feed_byte(uint8_t)	16	static
../Core/Src/hand/hand_bridge.cpp:86:6:void commander_bridge_process()	8	static
../Core/Src/hand/hand_bridge.cpp:90:6:void bridge_on_uart_rx(void*)	24	static
../Core/Src/hand/hand_bridge.cpp:97:6:void bridge_on_uart_tx(void*)	24	static
../Core/Src/hand/hand_bridge.cpp:41:7:CExecutorAdapter::~CExecutorAdapter()	16	static
../Core/Src/hand/hand_bridge.cpp:41:7:virtual CExecutorAdapter::~CExecutorAdapter()	16	static
../Core/Src/hand/hand_bridge.cpp:27:7:DefaultGripExecutor::~DefaultGripExecutor()	16	static
../Core/Src/hand/hand_bridge.cpp:27:7:virtual DefaultGripExecutor::~DefaultGripExecutor()	16	static
../Core/Src/hand/hand_bridge.cpp:104:1:void __static_initialization_and_destruction_0()	8	static
../Core/Inc/hand/servo.hpp:16:13:ISerialPort::~ISerialPort()	16	static
../Core/Inc/hand/servo.hpp:16:13:virtual ISerialPort::~ISerialPort()	16	static
../Core/Inc/hand/servo.hpp:24:5:Stm32UartDmaPort::~Stm32UartDmaPort()	16	static
../Core/Inc/hand/servo.hpp:24:5:virtual Stm32UartDmaPort::~Stm32UartDmaPort()	16	static
../Core/Src/hand/hand_bridge.cpp:104:1:void __static_initialization_and_destruction_1()	8	static
../Core/Src/hand/hand_bridge.cpp:104:1:cpp)	8	static
../Core/Src/hand/hand_bridge.cpp:104:1:cpp)	8	static
