Archive member included to satisfy reference by file (symbol)

C:/ST/STM32CubeIDE_2.0.0/STM32CubeIDE/plugins/com.st.stm32cube.ide.mcu.externaltools.gnu-tools-for-stm32.14.3.rel1.win32_1.0.100.202602081740/tools/bin/../lib/gcc/arm-none-eabi/14.3.1/../../../../arm-none-eabi/lib/thumb/v8-m.main+dp/hard\libstdc++_nano.a(del_ops.o)
                              ./Core/Src/hand/hand_bridge.o (operator delete(void*, unsigned int))
C:/ST/STM32CubeIDE_2.0.0/STM32CubeIDE/plugins/com.st.stm32cube.ide.mcu.externaltools.gnu-tools-for-stm32.14.3.rel1.win32_1.0.100.202602081740/tools/bin/../lib/gcc/arm-none-eabi/14.3.1/../../../../arm-none-eabi/lib/thumb/v8-m.main+dp/hard\libstdc++_nano.a(del_op.o)
                              C:/ST/STM32CubeIDE_2.0.0/STM32CubeIDE/plugins/com.st.stm32cube.ide.mcu.externaltools.gnu-tools-for-stm32.14.3.rel1.win32_1.0.100.202602081740/tools/bin/../lib/gcc/arm-none-eabi/14.3.1/../../../../arm-none-eabi/lib/thumb/v8-m.main+dp/hard\libstdc++_nano.a(del_ops.o) (operator delete(void*))
C:/ST/STM32CubeIDE_2.0.0/STM32CubeIDE/plugins/com.st.stm32cube.ide.mcu.externaltools.gnu-tools-for-stm32.14.3.rel1.win32_1.0.100.202602081740/tools/bin/../lib/gcc/arm-none-eabi/14.3.1/../../../../arm-none-eabi/lib/thumb/v8-m.main+dp/hard\libc_nano.a(libc_a-exit.o)
                              C:/ST/STM32CubeIDE_2.0.0/STM32CubeIDE/plugins/com.st.stm32cube.ide.mcu.externaltools.gnu-tools-for-stm32.14.3.rel1.win32_1.0.100.202602081740/tools/bin/../lib/gcc/arm-none-eabi/14.3.1/../../../../arm-none-eabi/lib/thumb/v8-m.main+dp/hard/crt0.o (exit)
C:/ST/STM32CubeIDE_2.0.0/STM32CubeIDE/plugins/com.st.stm32cube.ide.mcu.externaltools.gnu-tools-for-stm32.14.3.rel1.win32_1.0.100.202602081740/tools/bin/../lib/gcc/arm-none-eabi/14.3.1/../../../../arm-none-eabi/lib/thumb/v8-m.main+dp/hard\libc_nano.a(libc_a-malloc.o)
                              C:/ST/STM32CubeIDE_2.0.0/STM32CubeIDE/plugins/com.st.stm32cube.ide.mcu.externaltools.gnu-tools-for-stm32.14.3.rel1.win32_1.0.100.202602081740/tools/bin/../lib/gcc/arm-none-eabi/14.3.1/../../../../arm-none-eabi/lib/thumb/v8-m.main+dp/hard\libstdc++_nano.a(del_op.o) (free)
C:/ST/STM32CubeIDE_2.0.0/STM32CubeIDE/plugins/com.st.stm32cube.ide.mcu.externaltools.gnu-tools-for-stm32.14.3.rel1.win32_1.0.100.202602081740/tools/bin/../lib/gcc/arm-none-eabi/14.3.1/../../../../arm-none-eabi/lib/thumb/v8-m.main+dp/hard\libc_nano.a(libc_a-mallocr.o)
                              C:/ST/STM32CubeIDE_2.0.0/STM32CubeIDE/plugins/com.st.stm32cube.ide.mcu.externaltools.gnu-tools-for-stm32.14.3.rel1.win32_1.0.100.202602081740/tools/bin/../lib/gcc/arm-none-eabi/14.3.1/../../../../arm-none-eabi/lib/thumb/v8-m.main+dp/hard\libc_nano.a(libc_a-malloc.o) (_malloc_r)
C:/ST/STM32CubeIDE_2.0.0/STM32CubeIDE/plugins/com.st.stm32cube.ide.mcu.externaltools.gnu-tools-for-stm32.14.3.rel1.win32_1.0.100.202602081740/tools/bin/../lib/gcc/arm-none-eabi/14.3.1/../../../../arm-none-eabi/lib/thumb/v8-m.main+dp/hard\libc_nano.a(libc_a-mlock.o)
                              C:/ST/STM32CubeIDE_2.0.0/STM32CubeIDE/plugins/com.st.stm32cube.ide.mcu.externaltools.gnu-tools-for-stm32.14.3.rel1.win32_1.0.100.202602081740/tools/bin/../lib/gcc/arm-none-eabi/14.3.1/../../../../arm-none-eabi/lib/thumb/v8-m.main+dp/hard\libc_nano.a(libc_a-mallocr.o) (__malloc_lock)
C:/ST/STM32CubeIDE_2.0.0/STM32CubeIDE/plugins/com.st.stm32cube.ide.mcu.externaltools.gnu-tools-for-stm32.14.3.rel1.win32_1.0.100.202602081740/tools/bin/../lib/gcc/arm-none-eabi/14.3.1/../../../../arm-none-eabi/lib/thumb/v8-m.main+dp/hard\libc_nano.a(libc_a-isspace.o)
                              ./Core/Src/hand/serial_commander.o (isspace)
C:/ST/STM32CubeIDE_2.0.0/STM32CubeIDE/plugins/com.st.stm32cube.ide.mcu.externaltools.gnu-tools-for-stm32.14.3.rel1.win32_1.0.100.202602081740/tools/bin/../lib/gcc/arm-none-eabi/14.3.1/../../../../arm-none-eabi/lib/thumb/v8-m.main+dp/hard\libc_nano.a(libc_a-findfp.o)
                              C:/ST/STM32CubeIDE_2.0.0/STM32CubeIDE/plugins/com.st.stm32cube.ide.mcu.externaltools.gnu-tools-for-stm32.14.3.rel1.win32_1.0.100.202602081740/tools/bin/../lib/gcc/arm-none-eabi/14.3.1/../../../../arm-none-eabi/lib/thumb/v8-m.main+dp/hard\libc_nano.a(libc_a-exit.o) (__stdio_exit_handler)
C:/ST/STM32CubeIDE_2.0.0/STM32CubeIDE/plugins/com.st.stm32cube.ide.mcu.externaltools.gnu-tools-for-stm32.14.3.rel1.win32_1.0.100.202602081740/tools/bin/../lib/gcc/arm-none-eabi/14.3.1/../../../../arm-none-eabi/lib/thumb/v8-m.main+dp/hard\libc_nano.a(libc_a-fwalk.o)
                              C:/ST/STM32CubeIDE_2.0.0/STM32CubeIDE/plugins/com.st.stm32cube.ide.mcu.externaltools.gnu-tools-for-stm32.14.3.rel1.win32_1.0.100.202602081740/tools/bin/../lib/gcc/arm-none-eabi/14.3.1/../../../../arm-none-eabi/lib/thumb/v8-m.main+dp/hard\libc_nano.a(libc_a-findfp.o) (_fwalk_sglue)
[...]
Memory Configuration

Name             Origin             Length             Attributes
ROM              0x34000400         0x0007fc00         xrw
RAM              0x34080000         0x00180000         xrw
*default*        0x00000000         0xffffffff

Linker script and memory map

LOAD C:/ST/STM32CubeIDE_2.0.0/STM32CubeIDE/plugins/com.st.stm32cube.ide.mcu.externaltools.gnu-tools-for-stm32.14.3.rel1.win32_1.0.100.202602081740/tools/bin/../lib/gcc/arm-none-eabi/14.3.1/thumb/v8-m.main+dp/hard/crti.o
LOAD C:/ST/STM32CubeIDE_2.0.0/STM32CubeIDE/plugins/com.st.stm32cube.ide.mcu.externaltools.gnu-tools-for-stm32.14.3.rel1.win32_1.0.100.202602081740/tools/bin/../lib/gcc/arm-none-eabi/14.3.1/thumb/v8-m.main+dp/hard/crtbegin.o
LOAD C:/ST/STM32CubeIDE_2.0.0/STM32CubeIDE/plugins/com.st.stm32cube.ide.mcu.externaltools.gnu-tools-for-stm32.14.3.rel1.win32_1.0.100.202602081740/tools/bin/../lib/gcc/arm-none-eabi/14.3.1/../../../../arm-none-eabi/lib/thumb/v8-m.main+dp/hard/crt0.o
LOAD ./Core/Src/hand/hand_bridge.o
LOAD ./Core/Src/hand/hand_controller.o
LOAD ./Core/Src/hand/serial_commander.o
LOAD ./Core/Src/hand/servo.o
LOAD ./Core/Src/main.o
LOAD ./Core/Src/secure_nsc.o
LOAD ./Core/Src/stm32n6xx_hal_msp.o
LOAD ./Core/Src/stm32n6xx_it.o
LOAD ./Core/Src/sysmem.o
LOAD ./Core/Src/system_stm32n6xx_s.o
LOAD ./Core/Startup/startup_stm32n657x0hxq.o
LOAD ./Drivers/BSP/STM32N6xx_Nucleo/stm32n6xx_nucleo.o
LOAD ./Drivers/STM32N6xx_HAL_Driver/stm32n6xx_hal.o
LOAD ./Drivers/STM32N6xx_HAL_Driver/stm32n6xx_hal_cacheaxi.o
LOAD ./Drivers/STM32N6xx_HAL_Driver/stm32n6xx_hal_cortex.o
LOAD ./Drivers/STM32N6xx_HAL_Driver/stm32n6xx_hal_dma.o
LOAD ./Drivers/STM32N6xx_HAL_Driver/stm32n6xx_hal_dma_ex.o
LOAD ./Drivers/STM32N6xx_HAL_Driver/stm32n6xx_hal_exti.o
LOAD ./Drivers/STM32N6xx_HAL_Driver/stm32n6xx_hal_gpio.o
LOAD ./Drivers/STM32N6xx_HAL_Driver/stm32n6xx_hal_pwr.o
LOAD ./Drivers/STM32N6xx_HAL_Driver/stm32n6xx_hal_pwr_ex.o
LOAD ./Drivers/STM32N6xx_HAL_Driver/stm32n6xx_hal_rcc.o
LOAD ./Drivers/STM32N6xx_HAL_Driver/stm32n6xx_hal_rcc_ex.o
LOAD ./Drivers/STM32N6xx_HAL_Driver/stm32n6xx_hal_rif.o
LOAD ./Drivers/STM32N6xx_HAL_Driver/stm32n6xx_hal_uart.o
LOAD ./Drivers/STM32N6xx_HAL_Driver/stm32n6xx_hal_uart_ex.o
LOAD ./Drivers/STM32N6xx_HAL_Driver/stm32n6xx_hal_usart.o
LOAD ./Drivers/STM32N6xx_HAL_Driver/stm32n6xx_hal_usart_ex.o
LOAD ./Drivers/STM32N6xx_HAL_Driver/stm32n6xx_hal_xspi.o
START GROUP
LOAD C:/ST/STM32CubeIDE_2.0.0/STM32CubeIDE/plugins/com.st.stm32cube.ide.mcu.externaltools.gnu-tools-for-stm32.14.3.rel1.win32_1.0.100.202602081740/tools/bin/../lib/gcc/arm-none-eabi/14.3.1/../../../../arm-none-eabi/lib/thumb/v8-m.main+dp/hard\libstdc++_nano.a
LOAD C:/ST/STM32CubeIDE_2.0.0/STM32CubeIDE/plugins/com.st.stm32cube.ide.mcu.externaltools.gnu-tools-for-stm32.14.3.rel1.win32_1.0.100.202602081740/tools/bin/../lib/gcc/arm-none-eabi/14.3.1/../../../../arm-none-eabi/lib/thumb/v8-m.main+dp/hard\libsupc++_nano.a
END GROUP
LOAD C:/ST/STM32CubeIDE_2.0.0/STM32CubeIDE/plugins/com.st.stm32cube.ide.mcu.externaltools.gnu-tools-for-stm32.14.3.rel1.win32_1.0.100.202602081740/tools/bin/../lib/gcc/arm-none-eabi/14.3.1/../../../../arm-none-eabi/lib/thumb/v8-m.main+dp/hard\libstdc++_nano.a
LOAD C:/ST/STM32CubeIDE_2.0.0/STM32CubeIDE/plugins/com.st.stm32cube.ide.mcu.externaltools.gnu-tools-for-stm32.14.3.rel1.win32_1.0.100.202602081740/tools/bin/../lib/gcc/arm-none-eabi/14.3.1/../../../../arm-none-eabi/lib/thumb/v8-m.main+dp/hard\libm.a
LOAD C:/ST/STM32CubeIDE_2.0.0/STM32CubeIDE/plugins/com.st.stm32cube.ide.mcu.externaltools.gnu-tools-for-stm32.14.3.rel1.win32_1.0.100.202602081740/tools/bin/../lib/gcc/arm-none-eabi/14.3.1/../../../../arm-none-eabi/lib/thumb/v8-m.main+dp/hard\libc_nano.a
START GROUP
LOAD C:/ST/STM32CubeIDE_2.0.0/STM32CubeIDE/plugins/com.st.stm32cube.ide.mcu.externaltools.gnu-tools-for-stm32.14.3.rel1.win32_1.0.100.202602081740/tools/bin/../lib/gcc/arm-none-eabi/14.3.1/thumb/v8-m.main+dp/hard\libgcc.a
LOAD C:/ST/STM32CubeIDE_2.0.0/STM32CubeIDE/plugins/com.st.stm32cube.ide.mcu.externaltools.gnu-tools-for-stm32.14.3.rel1.win32_1.0.100.202602081740/tools/bin/../lib/gcc/arm-none-eabi/14.3.1/../../../../arm-none-eabi/lib/thumb/v8-m.main+dp/hard\libc_nano.a
END GROUP
START GROUP
LOAD C:/ST/STM32CubeIDE_2.0.0/STM32CubeIDE/plugins/com.st.stm32cube.ide.mcu.externaltools.gnu-tools-for-stm32.14.3.rel1.win32_1.0.100.202602081740/tools/bin/../lib/gcc/arm-none-eabi/14.3.1/thumb/v8-m.main+dp/hard\libgcc.a
LOAD C:/ST/STM32CubeIDE_2.0.0/STM32CubeIDE/plugins/com.st.stm32cube.ide.mcu.externaltools.gnu-tools-for-stm32.14.3.rel1.win32_1.0.100.202602081740/tools/bin/../lib/gcc/arm-none-eabi/14.3.1/../../../../arm-none-eabi/lib/thumb/v8-m.main+dp/hard\libc_nano.a
LOAD C:/ST/STM32CubeIDE_2.0.0/STM32CubeIDE/plugins/com.st.stm32cube.ide.mcu.externaltools.gnu-tools-for-stm32.14.3.rel1.win32_1.0.100.202602081740/tools/bin/../lib/gcc/arm-none-eabi/14.3.1/../../../../arm-none-eabi/lib/thumb/v8-m.main+dp/hard\libnosys.a
END GROUP
START GROUP
LOAD C:/ST/STM32CubeIDE_2.0.0/STM32CubeIDE/plugins/com.st.stm32cube.ide.mcu.externaltools.gnu-tools-for-stm32.14.3.rel1.win32_1.0.100.202602081740/tools/bin/../lib/gcc/arm-none-eabi/14.3.1/thumb/v8-m.main+dp/hard\libgcc.a
LOAD C:/ST/STM32CubeIDE_2.0.0/STM32CubeIDE/plugins/com.st.stm32cube.ide.mcu.externaltools.gnu-tools-for-stm32.14.3.rel1.win32_1.0.100.202602081740/tools/bin/../lib/gcc/arm-none-eabi/14.3.1/../../../../arm-none-eabi/lib/thumb/v8-m.main+dp/hard\libc_nano.a
LOAD C:/ST/STM32CubeIDE_2.0.0/STM32CubeIDE/plugins/com.st.stm32cube.ide.mcu.externaltools.gnu-tools-for-stm32.14.3.rel1.win32_1.0.100.202602081740/tools/bin/../lib/gcc/arm-none-eabi/14.3.1/../../../../arm-none-eabi/lib/thumb/v8-m.main+dp/hard\libnosys.a
END GROUP
LOAD C:/ST/STM32CubeIDE_2.0.0/STM32CubeIDE/plugins/com.st.stm32cube.ide.mcu.externaltools.gnu-tools-for-stm32.14.3.rel1.win32_1.0.100.202602081740/tools/bin/../lib/gcc/arm-none-eabi/14.3.1/thumb/v8-m.main+dp/hard/crtend.o
LOAD C:/ST/STM32CubeIDE_2.0.0/STM32CubeIDE/plugins/com.st.stm32cube.ide.mcu.externaltools.gnu-tools-for-stm32.14.3.rel1.win32_1.0.100.202602081740/tools/bin/../lib/gcc/arm-none-eabi/14.3.1/thumb/v8-m.main+dp/hard/crtn.o
                0x34200000                        _estack = (ORIGIN (RAM) + LENGTH (RAM))
                0x341ff800                        _sstack = (_estack - _Min_Stack_Size)
                0x00000800                        _Min_Heap_Size = 0x800
                0x00000800                        _Min_Stack_Size = 0x800

.isr_vector     0x34000400      0x34c
                0x34000400                        . = ALIGN (0x4)
 *(.isr_vector)
 .isr_vector    0x34000400      0x34c ./Core/Startup/startup_stm32n657x0hxq.o
                0x34000400                g_pfnVectors
                0x3400074c                        . = ALIGN (0x4)

.text           0x3400074c     0xf59c
                0x3400074c                        . = ALIGN (0x4)
 *(.text)
 .text          0x3400074c       0x40 C:/ST/STM32CubeIDE_2.0.0/STM32CubeIDE/plugins/com.st.stm32cube.ide.mcu.externaltools.gnu-tools-for-stm32.14.3.rel1.win32_1.0.100.202602081740/tools/bin/../lib/gcc/arm-none-eabi/14.3.1/thumb/v8-m.main+dp/hard/crtbegin.o
 .text          0x3400078c       0x30 C:/ST/STM32CubeIDE_2.0.0/STM32CubeIDE/plugins/com.st.stm32cube.ide.mcu.externaltools.gnu-tools-for-stm32.14.3.rel1.win32_1.0.100.202602081740/tools/bin/../lib/gcc/arm-none-eabi/14.3.1/thumb/v8-m.main+dp/hard\libgcc.a(_aeabi_uldivmod.o)
                0x3400078c                __aeabi_uldivmod
 .text          0x340007bc      0x34c C:/ST/STM32CubeIDE_2.0.0/STM32CubeIDE/plugins/com.st.stm32cube.ide.mcu.externaltools.gnu-tools-for-stm32.14.3.rel1.win32_1.0.100.202602081740/tools/bin/../lib/gcc/arm-none-eabi/14.3.1/thumb/v8-m.main+dp/hard\libgcc.a(_udivmoddi4.o)
                0x340007bc                __udivmoddi4
 .text          0x34000b08        0x4 C:/ST/STM32CubeIDE_2.0.0/STM32CubeIDE/plugins/com.st.stm32cube.ide.mcu.externaltools.gnu-tools-for-stm32.14.3.rel1.win32_1.0.100.202602081740/tools/bin/../lib/gcc/arm-none-eabi/14.3.1/thumb/v8-m.main+dp/hard\libgcc.a(_dvmd_tls.o)
                0x34000b08                __aeabi_idiv0
                0x34000b08                __aeabi_ldiv0
 *(.text*)
 .text._ZN8ServoBusC2ER11ISerialPort
                0x34000b0c       0x36 ./Core/Src/hand/hand_bridge.o
                0x34000b0c                ServoBus::ServoBus(ISerialPort&)
                0x34000b0c                ServoBus::ServoBus(ISerialPort&)
 .text._ZN15SerialCommander11setExecutorEP16ICommandExecutor
                0x34000b42       0x1c ./Core/Src/hand/hand_bridge.o
                0x34000b42                SerialCommander::setExecutor(ICommandExecutor*)
 *fill*         0x34000b5e        0x2 
 .text._ZN19DefaultGripExecutor11executeGripEN11HandControl4Hand4SideENS0_8GripTypeE
                0x34000b60       0x44 ./Core/Src/hand/hand_bridge.o
                0x34000b60                DefaultGripExecutor::executeGrip(HandControl::Hand::Side, HandControl::GripType)
 .text._ZN16ICommandExecutorD2Ev
                0x34000ba4       0x20 ./Core/Src/hand/hand_bridge.o
                0x34000ba4                ICommandExecutor::~ICommandExecutor()
                0x34000ba4                ICommandExecutor::~ICommandExecutor()
 .text._ZN16ICommandExecutorD0Ev
                0x34000bc4       0x20 ./Core/Src/hand/hand_bridge.o
                0x34000bc4                ICommandExecutor::~ICommandExecutor()
 .text._ZN16CExecutorAdapter11executeGripEN11HandControl4Hand4SideENS0_8GripTypeE
                0x34000be4       0x38 ./Core/Src/hand/hand_bridge.o
                0x34000be4                CExecutorAdapter::executeGrip(HandControl::Hand::Side, HandControl::GripType)
 .text.hand_bridge_init
                0x34000c1c       0x18 ./Core/Src/hand/hand_bridge.o
                0x34000c1c                hand_bridge_init
 .text.bridge_on_uart_rx
                0x34000c34       0x28 ./Core/Src/hand/hand_bridge.o
                0x34000c34                bridge_on_uart_rx
 .text.bridge_on_uart_tx
                0x34000c5c       0x28 ./Core/Src/hand/hand_bridge.o
                0x34000c5c                bridge_on_uart_tx
 .text._ZN16CExecutorAdapterD2Ev
                0x34000c84       0x24 ./Core/Src/hand/hand_bridge.o
                0x34000c84                CExecutorAdapter::~CExecutorAdapter()
                0x34000c84                CExecutorAdapter::~CExecutorAdapter()
 .text._ZN16CExecutorAdapterD0Ev
                0x34000ca8       0x20 ./Core/Src/hand/hand_bridge.o
                0x34000ca8                CExecutorAdapter::~CExecutorAdapter()
 .text._ZN19DefaultGripExecutorD2Ev
                0x34000cc8       0x24 ./Core/Src/hand/hand_bridge.o
                0x34000cc8                DefaultGripExecutor::~DefaultGripExecutor()
                0x34000cc8                DefaultGripExecutor::~DefaultGripExecutor()
 .text._ZN19DefaultGripExecutorD0Ev
                0x34000cec       0x20 ./Core/Src/hand/hand_bridge.o
                0x34000cec                DefaultGripExecutor::~DefaultGripExecutor()
 .text._Z41__static_initialization_and_destruction_0v
                0x34000d0c       0x50 ./Core/Src/hand/hand_bridge.o
 .text._ZN11ISerialPortD2Ev
                0x34000d5c       0x20 ./Core/Src/hand/hand_bridge.o
                0x34000d5c                ISerialPort::~ISerialPort()
                0x34000d5c                ISerialPort::~ISerialPort()
 .text._ZN11ISerialPortD0Ev
                0x34000d7c       0x20 ./Core/Src/hand/hand_bridge.o
                0x34000d7c                ISerialPort::~ISerialPort()
 .text._ZN16Stm32UartDmaPortD2Ev
                0x34000d9c       0x24 ./Core/Src/hand/hand_bridge.o
                0x34000d9c                Stm32UartDmaPort::~Stm32UartDmaPort()
                0x34000d9c                Stm32UartDmaPort::~Stm32UartDmaPort()
 .text._ZN16Stm32UartDmaPortD0Ev
                0x34000dc0       0x20 ./Core/Src/hand/hand_bridge.o
                0x34000dc0                Stm32UartDmaPort::~Stm32UartDmaPort()
 .text._Z41__static_initialization_and_destruction_1v
                0x34000de0       0x28 ./Core/Src/hand/hand_bridge.o
 .text._GLOBAL__sub_I_hand_bridge_init
                0x34000e08        0xa ./Core/Src/hand/hand_bridge.o
 .text._GLOBAL__sub_D_hand_bridge_init
                0x34000e12        0xa ./Core/Src/hand/hand_bridge.o
 .text._ZN11HandControl4Hand13mapToServoPosEt
                0x34000e1c       0x2c ./Core/Src/hand/hand_controller.o
                0x34000e1c                HandControl::Hand::mapToServoPos(unsigned short)
 .text._ZN14HandControllerC2EN11HandControl4Hand4SideER8ServoBus
                0x34000e48      0x142 ./Core/Src/hand/hand_controller.o
                0x34000e48                HandController::HandController(HandControl::Hand::Side, ServoBus&)
                0x34000e48                HandController::HandController(HandControl::Hand::Side, ServoBus&)
 .text._ZNKSt5arrayIN11HandControl10GripConfigELj7EEixEj
                0x34000f8a       0x24 ./Core/Src/hand/hand_controller.o
                0x34000f8a                std::array<HandControl::GripConfig, 7u>::operator[](unsigned int) const
 *fill*         0x34000fae        0x2 
 .text._ZN14HandController13setTargetGripEN11HandControl8GripTypeEt
                0x34000fb0      0x108 ./Core/Src/hand/hand_controller.o
                0x34000fb0                HandController::setTargetGrip(HandControl::GripType, unsigned short)
 .text._ZNSt5arrayItLj6EEixEj
                0x340010b8       0x1e ./Core/Src/hand/hand_controller.o
                0x340010b8                std::array<unsigned short, 6u>::operator[](unsigned int)
 .text._ZNSt5arrayImLj6EEixEj
                0x340010d6       0x1e ./Core/Src/hand/hand_controller.o
                0x340010d6                std::array<unsigned long, 6u>::operator[](unsigned int)
 .text._ZNSt5arrayIbLj6EEixEj
                0x340010f4       0x1c ./Core/Src/hand/hand_controller.o
                0x340010f4                std::array<bool, 6u>::operator[](unsigned int)
 .text._ZNKSt5arrayItLj6EEixEj
                0x34001110       0x1e ./Core/Src/hand/hand_controller.o
                0x34001110                std::array<unsigned short, 6u>::operator[](unsigned int) const
 .text._ZN15SerialCommanderC2ER11ISerialPort
                0x3400112e       0x38 ./Core/Src/hand/serial_commander.o
                0x3400112e                SerialCommander::SerialCommander(ISerialPort&)
                0x3400112e                SerialCommander::SerialCommander(ISerialPort&)
 *fill*         0x34001166        0x2 
 .text._ZN11ISerialPortC2Ev
                0x34001168       0x20 ./Core/Src/hand/servo.o
                0x34001168                ISerialPort::ISerialPort()
                0x34001168                ISerialPort::ISerialPort()
 .text._ZN16Stm32UartDmaPortC2EP20__UART_HandleTypeDefmm
                0x34001188       0x54 ./Core/Src/hand/servo.o
                0x34001188                Stm32UartDmaPort::Stm32UartDmaPort(__UART_HandleTypeDef*, unsigned long, unsigned long)
                0x34001188                Stm32UartDmaPort::Stm32UartDmaPort(__UART_HandleTypeDef*, unsigned long, unsigned long)
 .text._ZN16Stm32UartDmaPort11transmitDMAEPKht
                0x340011dc       0xd4 ./Core/Src/hand/servo.o
                0x340011dc                Stm32UartDmaPort::transmitDMA(unsigned char const*, unsigned short)
 .text._ZN16Stm32UartDmaPort10receiveDMAEPht
                0x340012b0       0x78 ./Core/Src/hand/servo.o
                0x340012b0                Stm32UartDmaPort::receiveDMA(unsigned char*, unsigned short)
 .text._ZN16Stm32UartDmaPort12onTxCompleteEP20__UART_HandleTypeDef
                0x34001328       0x34 ./Core/Src/hand/servo.o
                0x34001328                Stm32UartDmaPort::onTxComplete(__UART_HandleTypeDef*)
 .text._ZN16Stm32UartDmaPort12onRxCompleteEP20__UART_HandleTypeDef
                0x3400135c       0x34 ./Core/Src/hand/servo.o
                0x3400135c                Stm32UartDmaPort::onRxComplete(__UART_HandleTypeDef*)
 .text.LL_AHB1_GRP1_EnableClock
                0x34001390       0x2c ./Core/Src/main.o
 .text.LL_AHB3_GRP1_EnableClock
                0x340013bc       0x2c ./Core/Src/main.o
 .text.LL_AHB4_GRP1_EnableClock
                0x340013e8       0x2c ./Core/Src/main.o
 .text.main     0x34001414       0xec ./Core/Src/main.o
                0x34001414                main
 .text.MX_CACHEAXI_Init
                0x34001500       0x28 ./Core/Src/main.o
 .text.MX_GPDMA1_Init
                0x34001528       0x2e ./Core/Src/main.o
 *fill*         0x34001556        0x2 
 .text.SystemIsolation_Config
                0x34001558      0x188 ./Core/Src/main.o
 .text.MX_USART3_UART_Init
                0x340016e0       0x9c ./Core/Src/main.o
 .text.MX_XSPI2_Init
                0x3400177c       0xb8 ./Core/Src/main.o
 .text.MX_GPIO_Init
                0x34001834      0x13c ./Core/Src/main.o
 .text._write   0x34001970       0x38 ./Core/Src/main.o
                0x34001970                _write
 .text.HAL_UART_TxCpltCallback
                0x340019a8       0x16 ./Core/Src/main.o
                0x340019a8                HAL_UART_TxCpltCallback
 .text.HAL_UART_RxCpltCallback
                0x340019be       0x16 ./Core/Src/main.o
                0x340019be                HAL_UART_RxCpltCallback
 .text.BSP_PB_Callback
                0x340019d4       0x28 ./Core/Src/main.o
                0x340019d4                BSP_PB_Callback
 .text.Error_Handler
                0x340019fc        0xc ./Core/Src/main.o
                0x340019fc                Error_Handler
 .text.SECURE_RegisterCallback
                0x34001a08       0x54 ./Core/Src/secure_nsc.o
                0x34001a08                __acle_se_SECURE_RegisterCallback
 .text.LL_AHB4_GRP1_EnableClock
                0x34001a5c       0x2c ./Core/Src/stm32n6xx_hal_msp.o
 .text.LL_AHB5_GRP1_EnableClock
                0x34001a88       0x2c ./Core/Src/stm32n6xx_hal_msp.o
 .text.LL_APB1_GRP1_EnableClock
                0x34001ab4       0x2c ./Core/Src/stm32n6xx_hal_msp.o
 .text.HAL_MspInit
                0x34001ae0       0x14 ./Core/Src/stm32n6xx_hal_msp.o
                0x34001ae0                HAL_MspInit
 .text.HAL_CACHEAXI_MspInit
                0x34001af4       0x28 ./Core/Src/stm32n6xx_hal_msp.o
                0x34001af4                HAL_CACHEAXI_MspInit
 .text.HAL_UART_MspInit
                0x34001b1c      0x1f8 ./Core/Src/stm32n6xx_hal_msp.o
                0x34001b1c                HAL_UART_MspInit
 .text.HAL_XSPI_MspInit
                0x34001d14       0xd8 ./Core/Src/stm32n6xx_hal_msp.o
                0x34001d14                HAL_XSPI_MspInit
 .text.NMI_Handler
                0x34001dec        0x8 ./Core/Src/stm32n6xx_it.o
                0x34001dec                NMI_Handler
 .text.HardFault_Handler
                0x34001df4        0x8 ./Core/Src/stm32n6xx_it.o
                0x34001df4                HardFault_Handler
 .text.MemManage_Handler
                0x34001dfc        0x8 ./Core/Src/stm32n6xx_it.o
                0x34001dfc                MemManage_Handler
 .text.BusFault_Handler
                0x34001e04        0x8 ./Core/Src/stm32n6xx_it.o
                0x34001e04                BusFault_Handler
 .text.UsageFault_Handler
                0x34001e0c        0x8 ./Core/Src/stm32n6xx_it.o
                0x34001e0c                UsageFault_Handler
 .text.SecureFault_Handler
                0x34001e14        0x8 ./Core/Src/stm32n6xx_it.o
                0x34001e14                SecureFault_Handler
 .text.SVC_Handler
                0x34001e1c        0xe ./Core/Src/stm32n6xx_it.o
                0x34001e1c                SVC_Handler
 .text.DebugMon_Handler
                0x34001e2a        0xe ./Core/Src/stm32n6xx_it.o
                0x34001e2a                DebugMon_Handler
 .text.PendSV_Handler
                0x34001e38        0xe ./Core/Src/stm32n6xx_it.o
                0x34001e38                PendSV_Handler
 .text.SysTick_Handler
                0x34001e46        0xc ./Core/Src/stm32n6xx_it.o
                0x34001e46                SysTick_Handler
 .text.EXTI13_IRQHandler
                0x34001e52        0xe ./Core/Src/stm32n6xx_it.o
                0x34001e52                EXTI13_IRQHandler
 .text.GPDMA1_Channel0_IRQHandler
                0x34001e60       0x14 ./Core/Src/stm32n6xx_it.o
                0x34001e60                GPDMA1_Channel0_IRQHandler
 .text.GPDMA1_Channel1_IRQHandler
                0x34001e74       0x14 ./Core/Src/stm32n6xx_it.o
                0x34001e74                GPDMA1_Channel1_IRQHandler
 .text.USART3_IRQHandler
                0x34001e88       0x14 ./Core/Src/stm32n6xx_it.o
                0x34001e88                USART3_IRQHandler
 .text._sbrk    0x34001e9c       0x6c ./Core/Src/sysmem.o
                0x34001e9c                _sbrk
 .text.TZ_SAU_Setup
                0x34001f08       0x74 ./Core/Src/system_stm32n6xx_s.o
 .text.SystemInit
                0x34001f7c       0x70 ./Core/Src/system_stm32n6xx_s.o
                0x34001f7c                SystemInit
 .text.SystemCoreClockUpdate
                0x34001fec      0x350 ./Core/Src/system_stm32n6xx_s.o
                0x34001fec                SystemCoreClockUpdate
 .text.SECURE_SystemCoreClockUpdate
                0x3400233c       0x2c ./Core/Src/system_stm32n6xx_s.o
                0x3400233c                __acle_se_SECURE_SystemCoreClockUpdate
 .text.Reset_Handler
                0x34002368       0x5c ./Core/Startup/startup_stm32n657x0hxq.o
                0x34002368                Reset_Handler
 .text.Default_Handler
                0x340023c4        0x2 ./Core/Startup/startup_stm32n657x0hxq.o
                0x340023c4                HPDMA1_Channel13_IRQHandler
                0x340023c4                EXTI2_IRQHandler
                0x340023c4                MCE2_IRQHandler
                0x340023c4                TIM8_CC_IRQHandler
                0x340023c4                USB2_OTG_HS_IRQHandler
                0x340023c4                SAI1_A_IRQHandler
                0x340023c4                EXTI5_IRQHandler
                0x340023c4                I3C1_ER_IRQHandler
                0x340023c4                UART8_IRQHandler
                0x340023c4                CTI_INT0_IRQHandler
                0x340023c4                SPI4_IRQHandler
                0x340023c4                LTDC_LO_IRQHandler
                0x340023c4                NPU2_IRQHandler
                0x340023c4                FDCAN3_IT0_IRQHandler
                0x340023c4                TIM1_CC_IRQHandler
                0x340023c4                XSPI1_IRQHandler
                0x340023c4                TIM10_IRQHandler
                0x340023c4                JPEG_IRQHandler
                0x340023c4                TAMP_IRQHandler
                0x340023c4                CACHE_ECC_IRQHandler
                0x340023c4                TIM6_IRQHandler
                0x340023c4                CSI_IRQHandler
                0x340023c4                EXTI12_IRQHandler
                0x340023c4                GFXTIM_IRQHandler
                0x340023c4                EXTI3_IRQHandler
                0x340023c4                LPTIM4_IRQHandler
                0x340023c4                GPDMA1_Channel5_IRQHandler
                0x340023c4                EXTI8_IRQHandler
                0x340023c4                LPTIM2_IRQHandler
                0x340023c4                GFXMMU_IRQHandler
                0x340023c4                LTDC_LO_ERR_IRQHandler
                0x340023c4                I2C3_ER_IRQHandler
                0x340023c4                RIFSC_TAMPER_IRQHandler
                0x340023c4                USART10_IRQHandler
                0x340023c4                MDF1_FLT2_IRQHandler
                0x340023c4                LPTIM3_IRQHandler
                0x340023c4                SAI2_A_IRQHandler
                0x340023c4                EXTI0_IRQHandler
                0x340023c4                HPDMA1_Channel9_IRQHandler
                0x340023c4                I2C2_EV_IRQHandler
                0x340023c4                GPU2D_IRQHandler
                0x340023c4                FPU_IRQHandler
                0x340023c4                GPDMA1_Channel3_IRQHandler
                0x340023c4                GPDMA1_Channel7_IRQHandler
                0x340023c4                MDF1_FLT4_IRQHandler
                0x340023c4                FDCAN1_IT1_IRQHandler
                0x340023c4                HPDMA1_Channel3_IRQHandler
                0x340023c4                ADC1_2_IRQHandler
                0x340023c4                GPDMA1_Channel9_IRQHandler
                0x340023c4                SPI1_IRQHandler
                0x340023c4                CACHEAXI_IRQHandler
                0x340023c4                SAI1_B_IRQHandler
                0x340023c4                GPDMA1_Channel2_IRQHandler
                0x340023c4                PAHB_ERR_IRQHandler
                0x340023c4                TIM8_UP_IRQHandler
                0x340023c4                RCC_S_IRQHandler
                0x340023c4                MDF1_FLT1_IRQHandler
                0x340023c4                LTDC_UP_IRQHandler
                0x340023c4                LOCKUP_IRQHandler
                0x340023c4                PKA_IRQHandler
                0x340023c4                USART6_IRQHandler
                0x340023c4                HPDMA1_Channel2_IRQHandler
                0x340023c4                MDF1_FLT5_IRQHandler
                0x340023c4                MCE4_IRQHandler
                0x340023c4                I3C2_ER_IRQHandler
                0x340023c4                EXTI15_IRQHandler
                0x340023c4                TIM17_IRQHandler
                0x340023c4                HPDMA1_Channel6_IRQHandler
                0x340023c4                CRYP_IRQHandler
                0x340023c4                RTC_IRQHandler
                0x340023c4                XSPI2_IRQHandler
                0x340023c4                EXTI9_IRQHandler
                0x340023c4                IAC_IRQHandler
                0x340023c4                HPDMA1_Channel0_IRQHandler
                0x340023c4                LPTIM5_IRQHandler
                0x340023c4                HPDMA1_Channel1_IRQHandler
                0x340023c4                UART5_IRQHandler
                0x340023c4                TIM4_IRQHandler
                0x340023c4                NPU3_IRQHandler
                0x340023c4                I3C2_EV_IRQHandler
                0x340023c4                I2C1_EV_IRQHandler
                0x340023c4                FDCAN_CU_IRQHandler
                0x340023c4                GPDMA1_Channel12_IRQHandler
                0x340023c4                HPDMA1_Channel7_IRQHandler
                0x340023c4                TIM16_IRQHandler
                0x340023c4                GPDMA1_Channel15_IRQHandler
                0x340023c4                UART4_IRQHandler
                0x340023c4                TCM_ECC_IRQHandler
                0x340023c4                TIM3_IRQHandler
                0x340023c4                RCC_IRQHandler
                0x340023c4                UART9_IRQHandler
                0x340023c4                NPU1_IRQHandler
                0x340023c4                SAI2_B_IRQHandler
                0x340023c4                Default_Handler
                0x340023c4                GPDMA1_Channel8_IRQHandler
                0x340023c4                HPDMA1_Channel8_IRQHandler
                0x340023c4                TIM18_IRQHandler
                0x340023c4                TIM14_IRQHandler
                0x340023c4                TIM13_IRQHandler
                0x340023c4                CTI_INT1_IRQHandler
                0x340023c4                GPDMA1_Channel11_IRQHandler
                0x340023c4                GPU2D_ER_IRQHandler
                0x340023c4                SPI5_IRQHandler
                0x340023c4                TIM12_IRQHandler
                0x340023c4                TIM7_IRQHandler
                0x340023c4                FDCAN3_IT1_IRQHandler
                0x340023c4                HPDMA1_Channel10_IRQHandler
                0x340023c4                SDMMC1_IRQHandler
                0x340023c4                SAES_IRQHandler
                0x340023c4                TIM5_IRQHandler
                0x340023c4                UCPD1_IRQHandler
                0x340023c4                I3C1_EV_IRQHandler
                0x340023c4                HPDMA1_Channel5_IRQHandler
                0x340023c4                TIM15_IRQHandler
                0x340023c4                I2C3_EV_IRQHandler
                0x340023c4                HPDMA1_Channel4_IRQHandler
                0x340023c4                HPDMA1_Channel15_IRQHandler
                0x340023c4                TIM9_IRQHandler
                0x340023c4                ETH1_IRQHandler
                0x340023c4                USB1_OTG_HS_IRQHandler
                0x340023c4                PVD_PVM_IRQHandler
                0x340023c4                SPI2_IRQHandler
                0x340023c4                TIM1_TRG_CCU_IRQHandler
                0x340023c4                HPDMA1_Channel11_IRQHandler
                0x340023c4                EXTI14_IRQHandler
                0x340023c4                EXTI11_IRQHandler
                0x340023c4                VENC_IRQHandler
                0x340023c4                GPDMA1_Channel14_IRQHandler
                0x340023c4                EXTI4_IRQHandler
                0x340023c4                RTC_S_IRQHandler
                0x340023c4                GPDMA1_Channel13_IRQHandler
                0x340023c4                RNG_IRQHandler
                0x340023c4                XSPI3_IRQHandler
                0x340023c4                FDCAN2_IT1_IRQHandler
                0x340023c4                TIM1_UP_IRQHandler
                0x340023c4                NPU0_IRQHandler
                0x340023c4                BCK_ECC_IRQHandler
                0x340023c4                WWDG_IRQHandler
                0x340023c4                SPI6_IRQHandler
                0x340023c4                MDIOS_IRQHandler
                0x340023c4                I2C4_EV_IRQHandler
                0x340023c4                FDCAN2_IT0_IRQHandler
                0x340023c4                IWDG_IRQHandler
                0x340023c4                HPDMA1_Channel14_IRQHandler
                0x340023c4                LPUART1_IRQHandler
                0x340023c4                FDCAN1_IT0_IRQHandler
                0x340023c4                MDF1_FLT0_IRQHandler
                0x340023c4                TIM2_IRQHandler
                0x340023c4                MCE3_IRQHandler
                0x340023c4                GPDMA1_Channel4_IRQHandler
                0x340023c4                EXTI7_IRQHandler
                0x340023c4                DMA2D_IRQHandler
                0x340023c4                TIM1_BRK_IRQHandler
                0x340023c4                EXTI1_IRQHandler
                0x340023c4                SDMMC2_IRQHandler
                0x340023c4                TIM11_IRQHandler
                0x340023c4                LTDC_UP_ERR_IRQHandler
                0x340023c4                UART7_IRQHandler
                0x340023c4                DTS_IRQHandler
                0x340023c4                MDF1_FLT3_IRQHandler
                0x340023c4                USART2_IRQHandler
                0x340023c4                GPDMA1_Channel6_IRQHandler
                0x340023c4                ADF1_FLT0_IRQHandler
                0x340023c4                I2C2_ER_IRQHandler
                0x340023c4                MCE1_IRQHandler
                0x340023c4                SPDIFRX_IRQHandler
                0x340023c4                TIM8_BRK_IRQHandler
                0x340023c4                HPDMA1_Channel12_IRQHandler
                0x340023c4                USART1_IRQHandler
                0x340023c4                EXTI10_IRQHandler
                0x340023c4                SPI3_IRQHandler
                0x340023c4                WAKEUP_PIN_IRQHandler
                0x340023c4                DCMIPP_IRQHandler
                0x340023c4                I2C1_ER_IRQHandler
                0x340023c4                FMC_IRQHandler
                0x340023c4                EXTI6_IRQHandler
                0x340023c4                LPTIM1_IRQHandler
                0x340023c4                DCMI_PSSI_IRQHandler
                0x340023c4                TIM8_TRG_CCU_IRQHandler
                0x340023c4                I2C4_ER_IRQHandler
                0x340023c4                GPDMA1_Channel10_IRQHandler
                0x340023c4                ICACHE_IRQHandler
                0x340023c4                HASH_IRQHandler
 *fill*         0x340023c6        0x2 
 .text.LL_AHB4_GRP1_EnableClock
                0x340023c8       0x2c ./Drivers/BSP/STM32N6xx_Nucleo/stm32n6xx_nucleo.o
 .text.LL_APB2_GRP1_EnableClock
                0x340023f4       0x2c ./Drivers/BSP/STM32N6xx_Nucleo/stm32n6xx_nucleo.o
 .text.BSP_LED_Init
                0x34002420       0x74 ./Drivers/BSP/STM32N6xx_Nucleo/stm32n6xx_nucleo.o
                0x34002420                BSP_LED_Init
 .text.BSP_LED_On
                0x34002494       0x34 ./Drivers/BSP/STM32N6xx_Nucleo/stm32n6xx_nucleo.o
                0x34002494                BSP_LED_On
 .text.BSP_LED_Off
                0x340024c8       0x34 ./Drivers/BSP/STM32N6xx_Nucleo/stm32n6xx_nucleo.o
                0x340024c8                BSP_LED_Off
 .text.BSP_LED_Toggle
                0x340024fc       0x34 ./Drivers/BSP/STM32N6xx_Nucleo/stm32n6xx_nucleo.o
                0x340024fc                BSP_LED_Toggle
 .text.BSP_PB_Init
                0x34002530      0x124 ./Drivers/BSP/STM32N6xx_Nucleo/stm32n6xx_nucleo.o
                0x34002530                BSP_PB_Init
 .text.BSP_PB_IRQHandler
                0x34002654       0x2c ./Drivers/BSP/STM32N6xx_Nucleo/stm32n6xx_nucleo.o
                0x34002654                BSP_PB_IRQHandler
 .text.BSP_COM_Init
                0x34002680       0x84 ./Drivers/BSP/STM32N6xx_Nucleo/stm32n6xx_nucleo.o
                0x34002680                BSP_COM_Init
 .text.__io_putchar
                0x34002704       0x38 ./Drivers/BSP/STM32N6xx_Nucleo/stm32n6xx_nucleo.o
                0x34002704                __io_putchar
 .text.BUTTON_USER_EXTI_Callback
                0x3400273c        0xe ./Drivers/BSP/STM32N6xx_Nucleo/stm32n6xx_nucleo.o
 *fill*         0x3400274a        0x2 
 .text.MX_USART1_Init
                0x3400274c       0x68 ./Drivers/BSP/STM32N6xx_Nucleo/stm32n6xx_nucleo.o
                0x3400274c                MX_USART1_Init
 .text.UART_MspInit
                0x340027b4       0xec ./Drivers/BSP/STM32N6xx_Nucleo/stm32n6xx_nucleo.o
 .text.HAL_Init
                0x340028a0       0x28 ./Drivers/STM32N6xx_HAL_Driver/stm32n6xx_hal.o
                0x340028a0                HAL_Init
 .text.HAL_InitTick
                0x340028c8       0x6c ./Drivers/STM32N6xx_HAL_Driver/stm32n6xx_hal.o
                0x340028c8                HAL_InitTick
 .text.HAL_IncTick
                0x34002934       0x28 ./Drivers/STM32N6xx_HAL_Driver/stm32n6xx_hal.o
                0x34002934                HAL_IncTick
 .text.HAL_GetTick
                0x3400295c       0x18 ./Drivers/STM32N6xx_HAL_Driver/stm32n6xx_hal.o
                0x3400295c                HAL_GetTick
 .text.HAL_Delay
                0x34002974       0x48 ./Drivers/STM32N6xx_HAL_Driver/stm32n6xx_hal.o
                0x34002974                HAL_Delay
 .text.HAL_CACHEAXI_Init
                0x340029bc       0x42 ./Drivers/STM32N6xx_HAL_Driver/stm32n6xx_hal_cacheaxi.o
                0x340029bc                HAL_CACHEAXI_Init
 .text.HAL_CACHEAXI_Enable
                0x340029fe       0x88 ./Drivers/STM32N6xx_HAL_Driver/stm32n6xx_hal_cacheaxi.o
                0x340029fe                HAL_CACHEAXI_Enable
 *fill*         0x34002a86        0x2 
 .text.__NVIC_SetPriorityGrouping
                0x34002a88       0x48 ./Drivers/STM32N6xx_HAL_Driver/stm32n6xx_hal_cortex.o
 .text.__NVIC_GetPriorityGrouping
                0x34002ad0       0x1c ./Drivers/STM32N6xx_HAL_Driver/stm32n6xx_hal_cortex.o
 .text.__NVIC_EnableIRQ
                0x34002aec       0x3c ./Drivers/STM32N6xx_HAL_Driver/stm32n6xx_hal_cortex.o
 .text.__NVIC_SetPriority
                0x34002b28       0x54 ./Drivers/STM32N6xx_HAL_Driver/stm32n6xx_hal_cortex.o
 .text.NVIC_EncodePriority
                0x34002b7c       0x66 ./Drivers/STM32N6xx_HAL_Driver/stm32n6xx_hal_cortex.o
 *fill*         0x34002be2        0x2 
 .text.SysTick_Config
                0x34002be4       0x44 ./Drivers/STM32N6xx_HAL_Driver/stm32n6xx_hal_cortex.o
 .text.HAL_NVIC_SetPriorityGrouping
                0x34002c28       0x16 ./Drivers/STM32N6xx_HAL_Driver/stm32n6xx_hal_cortex.o
                0x34002c28                HAL_NVIC_SetPriorityGrouping
 .text.HAL_NVIC_SetPriority
                0x34002c3e       0x3a ./Drivers/STM32N6xx_HAL_Driver/stm32n6xx_hal_cortex.o
                0x34002c3e                HAL_NVIC_SetPriority
 .text.HAL_NVIC_EnableIRQ
                0x34002c78       0x1c ./Drivers/STM32N6xx_HAL_Driver/stm32n6xx_hal_cortex.o
                0x34002c78                HAL_NVIC_EnableIRQ
 .text.HAL_SYSTICK_Config
                0x34002c94       0x18 ./Drivers/STM32N6xx_HAL_Driver/stm32n6xx_hal_cortex.o
                0x34002c94                HAL_SYSTICK_Config
 .text.HAL_DMA_Init
                0x34002cac      0x67c ./Drivers/STM32N6xx_HAL_Driver/stm32n6xx_hal_dma.o
                0x34002cac                HAL_DMA_Init
 .text.HAL_DMA_Start_IT
                0x34003328       0xc0 ./Drivers/STM32N6xx_HAL_Driver/stm32n6xx_hal_dma.o
                0x34003328                HAL_DMA_Start_IT
 .text.HAL_DMA_Abort
                0x340033e8       0xf8 ./Drivers/STM32N6xx_HAL_Driver/stm32n6xx_hal_dma.o
                0x340033e8                HAL_DMA_Abort
 .text.HAL_DMA_Abort_IT
                0x340034e0       0x52 ./Drivers/STM32N6xx_HAL_Driver/stm32n6xx_hal_dma.o
                0x340034e0                HAL_DMA_Abort_IT
 .text.HAL_DMA_IRQHandler
                0x34003532      0x2d2 ./Drivers/STM32N6xx_HAL_Driver/stm32n6xx_hal_dma.o
                0x34003532                HAL_DMA_IRQHandler
 .text.HAL_DMA_GetError
                0x34003804       0x18 ./Drivers/STM32N6xx_HAL_Driver/stm32n6xx_hal_dma.o
                0x34003804                HAL_DMA_GetError
 .text.HAL_DMA_ConfigChannelAttributes
                0x3400381c      0x114 ./Drivers/STM32N6xx_HAL_Driver/stm32n6xx_hal_dma.o
                0x3400381c                HAL_DMA_ConfigChannelAttributes
 .text.DMA_SetConfig
                0x34003930       0x4a ./Drivers/STM32N6xx_HAL_Driver/stm32n6xx_hal_dma.o
 *fill*         0x3400397a        0x2 
 .text.DMA_Init
                0x3400397c      0x948 ./Drivers/STM32N6xx_HAL_Driver/stm32n6xx_hal_dma.o
 .text.HAL_DMAEx_List_Start_IT
                0x340042c4      0x128 ./Drivers/STM32N6xx_HAL_Driver/stm32n6xx_hal_dma_ex.o
                0x340042c4                HAL_DMAEx_List_Start_IT
 .text.DMA_List_GetCLLRNodeInfo
                0x340043ec       0x60 ./Drivers/STM32N6xx_HAL_Driver/stm32n6xx_hal_dma_ex.o
 .text.HAL_EXTI_RegisterCallback
                0x3400444c       0x58 ./Drivers/STM32N6xx_HAL_Driver/stm32n6xx_hal_exti.o
                0x3400444c                HAL_EXTI_RegisterCallback
 .text.HAL_EXTI_GetHandle
                0x340044a4       0x28 ./Drivers/STM32N6xx_HAL_Driver/stm32n6xx_hal_exti.o
                0x340044a4                HAL_EXTI_GetHandle
 .text.HAL_EXTI_IRQHandler
                0x340044cc       0x90 ./Drivers/STM32N6xx_HAL_Driver/stm32n6xx_hal_exti.o
                0x340044cc                HAL_EXTI_IRQHandler
 .text.HAL_GPIO_Init
                0x3400455c      0x364 ./Drivers/STM32N6xx_HAL_Driver/stm32n6xx_hal_gpio.o
                0x3400455c                HAL_GPIO_Init
 .text.HAL_GPIO_WritePin
                0x340048c0       0x30 ./Drivers/STM32N6xx_HAL_Driver/stm32n6xx_hal_gpio.o
                0x340048c0                HAL_GPIO_WritePin
 .text.HAL_GPIO_TogglePin
                0x340048f0       0x34 ./Drivers/STM32N6xx_HAL_Driver/stm32n6xx_hal_gpio.o
                0x340048f0                HAL_GPIO_TogglePin
 .text.HAL_GPIO_ConfigPinAttributes
                0x34004924       0x8e ./Drivers/STM32N6xx_HAL_Driver/stm32n6xx_hal_gpio.o
                0x34004924                HAL_GPIO_ConfigPinAttributes
 *fill*         0x340049b2        0x2 
 .text.HAL_PWREx_EnableVddIO2
                0x340049b4       0x20 ./Drivers/STM32N6xx_HAL_Driver/stm32n6xx_hal_pwr_ex.o
                0x340049b4                HAL_PWREx_EnableVddIO2
 .text.HAL_PWREx_EnableVddIO3
                0x340049d4       0x20 ./Drivers/STM32N6xx_HAL_Driver/stm32n6xx_hal_pwr_ex.o
                0x340049d4                HAL_PWREx_EnableVddIO3
 .text.HAL_PWREx_EnableVddIO4
                0x340049f4       0x20 ./Drivers/STM32N6xx_HAL_Driver/stm32n6xx_hal_pwr_ex.o
                0x340049f4                HAL_PWREx_EnableVddIO4
 .text.LL_RCC_HSI_GetDivider
                0x34004a14       0x1c ./Drivers/STM32N6xx_HAL_Driver/stm32n6xx_hal_rcc.o
 .text.LL_RCC_GetSysClkSource
                0x34004a30       0x1c ./Drivers/STM32N6xx_HAL_Driver/stm32n6xx_hal_rcc.o
 .text.LL_RCC_IC2_GetSource
                0x34004a4c       0x1c ./Drivers/STM32N6xx_HAL_Driver/stm32n6xx_hal_rcc.o
 .text.LL_RCC_IC2_GetDivider
                0x34004a68       0x20 ./Drivers/STM32N6xx_HAL_Driver/stm32n6xx_hal_rcc.o
 .text.HAL_RCC_GetSysClockFreq
                0x34004a88       0x1e ./Drivers/STM32N6xx_HAL_Driver/stm32n6xx_hal_rcc.o
                0x34004a88                HAL_RCC_GetSysClockFreq
 *fill*         0x34004aa6        0x2 
 .text.RCC_GetSysClockFreq
                0x34004aa8      0x104 ./Drivers/STM32N6xx_HAL_Driver/stm32n6xx_hal_rcc.o
 .text.LL_RCC_HSE_SelectHSEAsDiv2Clock
                0x34004bac       0x20 ./Drivers/STM32N6xx_HAL_Driver/stm32n6xx_hal_rcc_ex.o
 .text.LL_RCC_HSE_SelectHSEDiv2AsDiv2Clock
                0x34004bcc       0x20 ./Drivers/STM32N6xx_HAL_Driver/stm32n6xx_hal_rcc_ex.o
 .text.LL_RCC_HSE_IsSelectedHSEDiv2AsDiv2Clock
                0x34004bec       0x24 ./Drivers/STM32N6xx_HAL_Driver/stm32n6xx_hal_rcc_ex.o
 .text.LL_RCC_HSE_IsReady
                0x34004c10       0x24 ./Drivers/STM32N6xx_HAL_Driver/stm32n6xx_hal_rcc_ex.o
 .text.LL_RCC_HSI_IsReady
                0x34004c34       0x24 ./Drivers/STM32N6xx_HAL_Driver/stm32n6xx_hal_rcc_ex.o
 .text.LL_RCC_HSI_GetDivider
                0x34004c58       0x1c ./Drivers/STM32N6xx_HAL_Driver/stm32n6xx_hal_rcc_ex.o
 .text.LL_RCC_MSI_IsReady
                0x34004c74       0x24 ./Drivers/STM32N6xx_HAL_Driver/stm32n6xx_hal_rcc_ex.o
 .text.LL_RCC_MSI_GetFrequency
                0x34004c98       0x1c ./Drivers/STM32N6xx_HAL_Driver/stm32n6xx_hal_rcc_ex.o
 .text.LL_RCC_LSE_IsReady
                0x34004cb4       0x24 ./Drivers/STM32N6xx_HAL_Driver/stm32n6xx_hal_rcc_ex.o
 .text.LL_RCC_LSI_IsReady
                0x34004cd8       0x1c ./Drivers/STM32N6xx_HAL_Driver/stm32n6xx_hal_rcc_ex.o
 .text.LL_RCC_GetAHBPrescaler
                0x34004cf4       0x1c ./Drivers/STM32N6xx_HAL_Driver/stm32n6xx_hal_rcc_ex.o
 .text.LL_RCC_GetAPB1Prescaler
                0x34004d10       0x1c ./Drivers/STM32N6xx_HAL_Driver/stm32n6xx_hal_rcc_ex.o
 .text.LL_RCC_GetAPB2Prescaler
                0x34004d2c       0x1c ./Drivers/STM32N6xx_HAL_Driver/stm32n6xx_hal_rcc_ex.o
 .text.LL_RCC_GetAPB4Prescaler
                0x34004d48       0x1c ./Drivers/STM32N6xx_HAL_Driver/stm32n6xx_hal_rcc_ex.o
 .text.LL_RCC_GetAPB5Prescaler
                0x34004d64       0x1c ./Drivers/STM32N6xx_HAL_Driver/stm32n6xx_hal_rcc_ex.o
 .text.LL_RCC_SetClockSource
                0x34004d80       0x54 ./Drivers/STM32N6xx_HAL_Driver/stm32n6xx_hal_rcc_ex.o
 .text.LL_RCC_GetADCPrescaler
                0x34004dd4       0x1c ./Drivers/STM32N6xx_HAL_Driver/stm32n6xx_hal_rcc_ex.o
 .text.LL_RCC_SetADFClockSource
                0x34004df0       0x2c ./Drivers/STM32N6xx_HAL_Driver/stm32n6xx_hal_rcc_ex.o
 .text.LL_RCC_SetCLKPClockSource
                0x34004e1c       0x2c ./Drivers/STM32N6xx_HAL_Driver/stm32n6xx_hal_rcc_ex.o
 .text.LL_RCC_SetDCMIPPClockSource
                0x34004e48       0x2c ./Drivers/STM32N6xx_HAL_Driver/stm32n6xx_hal_rcc_ex.o
 .text.LL_RCC_SetETHClockSource
                0x34004e74       0x2c ./Drivers/STM32N6xx_HAL_Driver/stm32n6xx_hal_rcc_ex.o
 .text.LL_RCC_SetETHPHYInterface
                0x34004ea0       0x2c ./Drivers/STM32N6xx_HAL_Driver/stm32n6xx_hal_rcc_ex.o
 .text.LL_RCC_GetETH1PTPDivider
                0x34004ecc       0x1c ./Drivers/STM32N6xx_HAL_Driver/stm32n6xx_hal_rcc_ex.o
 .text.LL_RCC_SetETHREFRXClockSource
                0x34004ee8       0x2c ./Drivers/STM32N6xx_HAL_Driver/stm32n6xx_hal_rcc_ex.o
 .text.LL_RCC_SetETHREFTXClockSource
                0x34004f14       0x2c ./Drivers/STM32N6xx_HAL_Driver/stm32n6xx_hal_rcc_ex.o
 .text.LL_RCC_SetFDCANClockSource
                0x34004f40       0x2c ./Drivers/STM32N6xx_HAL_Driver/stm32n6xx_hal_rcc_ex.o
 .text.LL_RCC_SetFMCClockSource
                0x34004f6c       0x2c ./Drivers/STM32N6xx_HAL_Driver/stm32n6xx_hal_rcc_ex.o
 .text.LL_RCC_SetI2CClockSource
                0x34004f98       0x16 ./Drivers/STM32N6xx_HAL_Driver/stm32n6xx_hal_rcc_ex.o
 .text.LL_RCC_SetI3CClockSource
                0x34004fae       0x16 ./Drivers/STM32N6xx_HAL_Driver/stm32n6xx_hal_rcc_ex.o
 .text.LL_RCC_SetLPTIMClockSource
                0x34004fc4       0x16 ./Drivers/STM32N6xx_HAL_Driver/stm32n6xx_hal_rcc_ex.o
 *fill*         0x34004fda        0x2 
 .text.LL_RCC_SetLPUARTClockSource
                0x34004fdc       0x2c ./Drivers/STM32N6xx_HAL_Driver/stm32n6xx_hal_rcc_ex.o
 .text.LL_RCC_SetLTDCClockSource
                0x34005008       0x2c ./Drivers/STM32N6xx_HAL_Driver/stm32n6xx_hal_rcc_ex.o
 .text.LL_RCC_SetMDFClockSource
                0x34005034       0x2c ./Drivers/STM32N6xx_HAL_Driver/stm32n6xx_hal_rcc_ex.o
 .text.LL_RCC_SetOTGPHYClockSource
                0x34005060       0x16 ./Drivers/STM32N6xx_HAL_Driver/stm32n6xx_hal_rcc_ex.o
 .text.LL_RCC_SetOTGPHYCKREFClockSource
                0x34005076       0x16 ./Drivers/STM32N6xx_HAL_Driver/stm32n6xx_hal_rcc_ex.o
 .text.LL_RCC_SetPSSIClockSource
                0x3400508c       0x2c ./Drivers/STM32N6xx_HAL_Driver/stm32n6xx_hal_rcc_ex.o
 .text.LL_RCC_SetSAIClockSource
                0x340050b8       0x16 ./Drivers/STM32N6xx_HAL_Driver/stm32n6xx_hal_rcc_ex.o
 .text.LL_RCC_SetSDMMCClockSource
                0x340050ce       0x16 ./Drivers/STM32N6xx_HAL_Driver/stm32n6xx_hal_rcc_ex.o
 .text.LL_RCC_SetSPDIFRXClockSource
                0x340050e4       0x2c ./Drivers/STM32N6xx_HAL_Driver/stm32n6xx_hal_rcc_ex.o
 .text.LL_RCC_SetSPIClockSource
                0x34005110       0x16 ./Drivers/STM32N6xx_HAL_Driver/stm32n6xx_hal_rcc_ex.o
 .text.LL_RCC_SetUSARTClockSource
                0x34005126       0x16 ./Drivers/STM32N6xx_HAL_Driver/stm32n6xx_hal_rcc_ex.o
 .text.LL_RCC_SetXSPIClockSource
                0x3400513c       0x16 ./Drivers/STM32N6xx_HAL_Driver/stm32n6xx_hal_rcc_ex.o
 *fill*         0x34005152        0x2 
 .text.LL_RCC_GetClockSource
                0x34005154       0x4c ./Drivers/STM32N6xx_HAL_Driver/stm32n6xx_hal_rcc_ex.o
 .text.LL_RCC_GetADCClockSource
                0x340051a0       0x24 ./Drivers/STM32N6xx_HAL_Driver/stm32n6xx_hal_rcc_ex.o
 .text.LL_RCC_GetADFClockSource
                0x340051c4       0x24 ./Drivers/STM32N6xx_HAL_Driver/stm32n6xx_hal_rcc_ex.o
 .text.LL_RCC_GetCLKPClockSource
                0x340051e8       0x24 ./Drivers/STM32N6xx_HAL_Driver/stm32n6xx_hal_rcc_ex.o
 .text.LL_RCC_GetDCMIPPClockSource
                0x3400520c       0x24 ./Drivers/STM32N6xx_HAL_Driver/stm32n6xx_hal_rcc_ex.o
 .text.LL_RCC_GetETHClockSource
                0x34005230       0x24 ./Drivers/STM32N6xx_HAL_Driver/stm32n6xx_hal_rcc_ex.o
 .text.LL_RCC_GetETHPTPClockSource
                0x34005254       0x24 ./Drivers/STM32N6xx_HAL_Driver/stm32n6xx_hal_rcc_ex.o
 .text.LL_RCC_GetFDCANClockSource
                0x34005278       0x24 ./Drivers/STM32N6xx_HAL_Driver/stm32n6xx_hal_rcc_ex.o
 .text.LL_RCC_GetFMCClockSource
                0x3400529c       0x24 ./Drivers/STM32N6xx_HAL_Driver/stm32n6xx_hal_rcc_ex.o
 .text.LL_RCC_GetI2CClockSource
                0x340052c0       0x18 ./Drivers/STM32N6xx_HAL_Driver/stm32n6xx_hal_rcc_ex.o
 .text.LL_RCC_GetI3CClockSource
                0x340052d8       0x18 ./Drivers/STM32N6xx_HAL_Driver/stm32n6xx_hal_rcc_ex.o
 .text.LL_RCC_GetLPTIMClockSource
                0x340052f0       0x18 ./Drivers/STM32N6xx_HAL_Driver/stm32n6xx_hal_rcc_ex.o
 .text.LL_RCC_GetLPUARTClockSource
                0x34005308       0x24 ./Drivers/STM32N6xx_HAL_Driver/stm32n6xx_hal_rcc_ex.o
 .text.LL_RCC_GetLTDCClockSource
                0x3400532c       0x24 ./Drivers/STM32N6xx_HAL_Driver/stm32n6xx_hal_rcc_ex.o
 .text.LL_RCC_GetMDFClockSource
                0x34005350       0x24 ./Drivers/STM32N6xx_HAL_Driver/stm32n6xx_hal_rcc_ex.o
 .text.LL_RCC_GetPSSIClockSource
                0x34005374       0x24 ./Drivers/STM32N6xx_HAL_Driver/stm32n6xx_hal_rcc_ex.o
 .text.LL_RCC_GetSAIClockSource
                0x34005398       0x18 ./Drivers/STM32N6xx_HAL_Driver/stm32n6xx_hal_rcc_ex.o
 .text.LL_RCC_GetSDMMCClockSource
                0x340053b0       0x18 ./Drivers/STM32N6xx_HAL_Driver/stm32n6xx_hal_rcc_ex.o
 .text.LL_RCC_GetSPDIFRXClockSource
                0x340053c8       0x24 ./Drivers/STM32N6xx_HAL_Driver/stm32n6xx_hal_rcc_ex.o
 .text.LL_RCC_GetSPIClockSource
                0x340053ec       0x18 ./Drivers/STM32N6xx_HAL_Driver/stm32n6xx_hal_rcc_ex.o
 .text.LL_RCC_GetUSARTClockSource
                0x34005404       0x18 ./Drivers/STM32N6xx_HAL_Driver/stm32n6xx_hal_rcc_ex.o
 .text.LL_RCC_GetUARTClockSource
                0x3400541c       0x18 ./Drivers/STM32N6xx_HAL_Driver/stm32n6xx_hal_rcc_ex.o
 .text.LL_RCC_GetUSBClockSource
                0x34005434       0x18 ./Drivers/STM32N6xx_HAL_Driver/stm32n6xx_hal_rcc_ex.o
 .text.LL_RCC_GetXSPIClockSource
                0x3400544c       0x18 ./Drivers/STM32N6xx_HAL_Driver/stm32n6xx_hal_rcc_ex.o
 .text.LL_RCC_SetRTCClockSource
                0x34005464       0x2c ./Drivers/STM32N6xx_HAL_Driver/stm32n6xx_hal_rcc_ex.o
 .text.LL_RCC_GetRTCClockSource
                0x34005490       0x1c ./Drivers/STM32N6xx_HAL_Driver/stm32n6xx_hal_rcc_ex.o
 .text.LL_RCC_SetRTC_HSEPrescaler
                0x340054ac       0x2c ./Drivers/STM32N6xx_HAL_Driver/stm32n6xx_hal_rcc_ex.o
 .text.LL_RCC_SetTIMPrescaler
                0x340054d8       0x2c ./Drivers/STM32N6xx_HAL_Driver/stm32n6xx_hal_rcc_ex.o
 .text.LL_RCC_GetTIMPrescaler
                0x34005504       0x1c ./Drivers/STM32N6xx_HAL_Driver/stm32n6xx_hal_rcc_ex.o
 .text.LL_RCC_PLL1_GetSource
                0x34005520       0x1c ./Drivers/STM32N6xx_HAL_Driver/stm32n6xx_hal_rcc_ex.o
 .text.LL_RCC_PLL1_IsReady
                0x3400553c       0x28 ./Drivers/STM32N6xx_HAL_Driver/stm32n6xx_hal_rcc_ex.o
 .text.LL_RCC_PLL1_IsEnabledBypass
                0x34005564       0x28 ./Drivers/STM32N6xx_HAL_Driver/stm32n6xx_hal_rcc_ex.o
 .text.LL_RCC_PLL1_GetN
                0x3400558c       0x20 ./Drivers/STM32N6xx_HAL_Driver/stm32n6xx_hal_rcc_ex.o
 .text.LL_RCC_PLL1_GetM
                0x340055ac       0x20 ./Drivers/STM32N6xx_HAL_Driver/stm32n6xx_hal_rcc_ex.o
 .text.LL_RCC_PLL1_GetP1
                0x340055cc       0x20 ./Drivers/STM32N6xx_HAL_Driver/stm32n6xx_hal_rcc_ex.o
 .text.LL_RCC_PLL1_GetP2
                0x340055ec       0x20 ./Drivers/STM32N6xx_HAL_Driver/stm32n6xx_hal_rcc_ex.o
 .text.LL_RCC_PLL1P_IsEnabled
                0x3400560c       0x28 ./Drivers/STM32N6xx_HAL_Driver/stm32n6xx_hal_rcc_ex.o
 .text.LL_RCC_PLL1_GetFRACN
                0x34005634       0x1c ./Drivers/STM32N6xx_HAL_Driver/stm32n6xx_hal_rcc_ex.o
 .text.LL_RCC_PLL2_GetSource
                0x34005650       0x1c ./Drivers/STM32N6xx_HAL_Driver/stm32n6xx_hal_rcc_ex.o
 .text.LL_RCC_PLL2_IsReady
                0x3400566c       0x28 ./Drivers/STM32N6xx_HAL_Driver/stm32n6xx_hal_rcc_ex.o
 .text.LL_RCC_PLL2_IsEnabledBypass
                0x34005694       0x28 ./Drivers/STM32N6xx_HAL_Driver/stm32n6xx_hal_rcc_ex.o
 .text.LL_RCC_PLL2_GetN
                0x340056bc       0x20 ./Drivers/STM32N6xx_HAL_Driver/stm32n6xx_hal_rcc_ex.o
 .text.LL_RCC_PLL2_GetM
                0x340056dc       0x20 ./Drivers/STM32N6xx_HAL_Driver/stm32n6xx_hal_rcc_ex.o
 .text.LL_RCC_PLL2_GetP1
                0x340056fc       0x20 ./Drivers/STM32N6xx_HAL_Driver/stm32n6xx_hal_rcc_ex.o
 .text.LL_RCC_PLL2_GetP2
                0x3400571c       0x20 ./Drivers/STM32N6xx_HAL_Driver/stm32n6xx_hal_rcc_ex.o
 .text.LL_RCC_PLL2P_IsEnabled
                0x3400573c       0x28 ./Drivers/STM32N6xx_HAL_Driver/stm32n6xx_hal_rcc_ex.o
 .text.LL_RCC_PLL2_GetFRACN
                0x34005764       0x1c ./Drivers/STM32N6xx_HAL_Driver/stm32n6xx_hal_rcc_ex.o
 .text.LL_RCC_PLL3_GetSource
                0x34005780       0x1c ./Drivers/STM32N6xx_HAL_Driver/stm32n6xx_hal_rcc_ex.o
 .text.LL_RCC_PLL3_IsReady
                0x3400579c       0x28 ./Drivers/STM32N6xx_HAL_Driver/stm32n6xx_hal_rcc_ex.o
 .text.LL_RCC_PLL3_IsEnabledBypass
                0x340057c4       0x28 ./Drivers/STM32N6xx_HAL_Driver/stm32n6xx_hal_rcc_ex.o
 .text.LL_RCC_PLL3_GetN
                0x340057ec       0x20 ./Drivers/STM32N6xx_HAL_Driver/stm32n6xx_hal_rcc_ex.o
 .text.LL_RCC_PLL3_GetM
                0x3400580c       0x20 ./Drivers/STM32N6xx_HAL_Driver/stm32n6xx_hal_rcc_ex.o
 .text.LL_RCC_PLL3_GetP1
                0x3400582c       0x20 ./Drivers/STM32N6xx_HAL_Driver/stm32n6xx_hal_rcc_ex.o
 .text.LL_RCC_PLL3_GetP2
                0x3400584c       0x20 ./Drivers/STM32N6xx_HAL_Driver/stm32n6xx_hal_rcc_ex.o
 .text.LL_RCC_PLL3P_IsEnabled
                0x3400586c       0x28 ./Drivers/STM32N6xx_HAL_Driver/stm32n6xx_hal_rcc_ex.o
 .text.LL_RCC_PLL3_GetFRACN
                0x34005894       0x1c ./Drivers/STM32N6xx_HAL_Driver/stm32n6xx_hal_rcc_ex.o
 .text.LL_RCC_PLL4_GetSource
                0x340058b0       0x1c ./Drivers/STM32N6xx_HAL_Driver/stm32n6xx_hal_rcc_ex.o
 .text.LL_RCC_PLL4_IsReady
                0x340058cc       0x28 ./Drivers/STM32N6xx_HAL_Driver/stm32n6xx_hal_rcc_ex.o
 .text.LL_RCC_PLL4_IsEnabledBypass
                0x340058f4       0x28 ./Drivers/STM32N6xx_HAL_Driver/stm32n6xx_hal_rcc_ex.o
 .text.LL_RCC_PLL4_GetN
                0x3400591c       0x20 ./Drivers/STM32N6xx_HAL_Driver/stm32n6xx_hal_rcc_ex.o
 .text.LL_RCC_PLL4_GetM
                0x3400593c       0x20 ./Drivers/STM32N6xx_HAL_Driver/stm32n6xx_hal_rcc_ex.o
 .text.LL_RCC_PLL4_GetP1
                0x3400595c       0x20 ./Drivers/STM32N6xx_HAL_Driver/stm32n6xx_hal_rcc_ex.o
 .text.LL_RCC_PLL4_GetP2
                0x3400597c       0x20 ./Drivers/STM32N6xx_HAL_Driver/stm32n6xx_hal_rcc_ex.o
 .text.LL_RCC_PLL4P_IsEnabled
                0x3400599c       0x28 ./Drivers/STM32N6xx_HAL_Driver/stm32n6xx_hal_rcc_ex.o
 .text.LL_RCC_PLL4_GetFRACN
                0x340059c4       0x1c ./Drivers/STM32N6xx_HAL_Driver/stm32n6xx_hal_rcc_ex.o
 .text.LL_RCC_IC3_Enable
                0x340059e0       0x1c ./Drivers/STM32N6xx_HAL_Driver/stm32n6xx_hal_rcc_ex.o
 .text.LL_RCC_IC3_IsEnabled
                0x340059fc       0x28 ./Drivers/STM32N6xx_HAL_Driver/stm32n6xx_hal_rcc_ex.o
 .text.LL_RCC_IC3_GetSource
                0x34005a24       0x1c ./Drivers/STM32N6xx_HAL_Driver/stm32n6xx_hal_rcc_ex.o
 .text.LL_RCC_IC3_GetDivider
                0x34005a40       0x20 ./Drivers/STM32N6xx_HAL_Driver/stm32n6xx_hal_rcc_ex.o
 .text.LL_RCC_IC4_Enable
                0x34005a60       0x1c ./Drivers/STM32N6xx_HAL_Driver/stm32n6xx_hal_rcc_ex.o
 .text.LL_RCC_IC4_IsEnabled
                0x34005a7c       0x28 ./Drivers/STM32N6xx_HAL_Driver/stm32n6xx_hal_rcc_ex.o
 .text.LL_RCC_IC4_GetSource
                0x34005aa4       0x1c ./Drivers/STM32N6xx_HAL_Driver/stm32n6xx_hal_rcc_ex.o
 .text.LL_RCC_IC4_GetDivider
                0x34005ac0       0x20 ./Drivers/STM32N6xx_HAL_Driver/stm32n6xx_hal_rcc_ex.o
 .text.LL_RCC_IC5_Enable
                0x34005ae0       0x1c ./Drivers/STM32N6xx_HAL_Driver/stm32n6xx_hal_rcc_ex.o
 .text.LL_RCC_IC5_IsEnabled
                0x34005afc       0x28 ./Drivers/STM32N6xx_HAL_Driver/stm32n6xx_hal_rcc_ex.o
 .text.LL_RCC_IC5_GetSource
                0x34005b24       0x1c ./Drivers/STM32N6xx_HAL_Driver/stm32n6xx_hal_rcc_ex.o
 .text.LL_RCC_IC5_GetDivider
                0x34005b40       0x20 ./Drivers/STM32N6xx_HAL_Driver/stm32n6xx_hal_rcc_ex.o
 .text.LL_RCC_IC7_Enable
                0x34005b60       0x1c ./Drivers/STM32N6xx_HAL_Driver/stm32n6xx_hal_rcc_ex.o
 .text.LL_RCC_IC7_IsEnabled
                0x34005b7c       0x28 ./Drivers/STM32N6xx_HAL_Driver/stm32n6xx_hal_rcc_ex.o
 .text.LL_RCC_IC7_GetSource
                0x34005ba4       0x1c ./Drivers/STM32N6xx_HAL_Driver/stm32n6xx_hal_rcc_ex.o
 .text.LL_RCC_IC7_GetDivider
                0x34005bc0       0x20 ./Drivers/STM32N6xx_HAL_Driver/stm32n6xx_hal_rcc_ex.o
 .text.LL_RCC_IC8_Enable
                0x34005be0       0x1c ./Drivers/STM32N6xx_HAL_Driver/stm32n6xx_hal_rcc_ex.o
 .text.LL_RCC_IC8_IsEnabled
                0x34005bfc       0x28 ./Drivers/STM32N6xx_HAL_Driver/stm32n6xx_hal_rcc_ex.o
 .text.LL_RCC_IC8_GetSource
                0x34005c24       0x1c ./Drivers/STM32N6xx_HAL_Driver/stm32n6xx_hal_rcc_ex.o
 .text.LL_RCC_IC8_GetDivider
                0x34005c40       0x20 ./Drivers/STM32N6xx_HAL_Driver/stm32n6xx_hal_rcc_ex.o
 .text.LL_RCC_IC9_Enable
                0x34005c60       0x1c ./Drivers/STM32N6xx_HAL_Driver/stm32n6xx_hal_rcc_ex.o
 .text.LL_RCC_IC9_IsEnabled
                0x34005c7c       0x28 ./Drivers/STM32N6xx_HAL_Driver/stm32n6xx_hal_rcc_ex.o
 .text.LL_RCC_IC9_GetSource
                0x34005ca4       0x1c ./Drivers/STM32N6xx_HAL_Driver/stm32n6xx_hal_rcc_ex.o
 .text.LL_RCC_IC9_GetDivider
                0x34005cc0       0x20 ./Drivers/STM32N6xx_HAL_Driver/stm32n6xx_hal_rcc_ex.o
 .text.LL_RCC_IC10_Enable
                0x34005ce0       0x1c ./Drivers/STM32N6xx_HAL_Driver/stm32n6xx_hal_rcc_ex.o
 .text.LL_RCC_IC10_IsEnabled
                0x34005cfc       0x28 ./Drivers/STM32N6xx_HAL_Driver/stm32n6xx_hal_rcc_ex.o
 .text.LL_RCC_IC10_GetSource
                0x34005d24       0x1c ./Drivers/STM32N6xx_HAL_Driver/stm32n6xx_hal_rcc_ex.o
 .text.LL_RCC_IC10_GetDivider
                0x34005d40       0x20 ./Drivers/STM32N6xx_HAL_Driver/stm32n6xx_hal_rcc_ex.o
 .text.LL_RCC_IC12_Enable
                0x34005d60       0x1c ./Drivers/STM32N6xx_HAL_Driver/stm32n6xx_hal_rcc_ex.o
 .text.LL_RCC_IC12_IsEnabled
                0x34005d7c       0x28 ./Drivers/STM32N6xx_HAL_Driver/stm32n6xx_hal_rcc_ex.o
 .text.LL_RCC_IC12_GetSource
                0x34005da4       0x1c ./Drivers/STM32N6xx_HAL_Driver/stm32n6xx_hal_rcc_ex.o
 .text.LL_RCC_IC12_GetDivider
                0x34005dc0       0x20 ./Drivers/STM32N6xx_HAL_Driver/stm32n6xx_hal_rcc_ex.o
 .text.LL_RCC_IC13_Enable
                0x34005de0       0x1c ./Drivers/STM32N6xx_HAL_Driver/stm32n6xx_hal_rcc_ex.o
 .text.LL_RCC_IC13_IsEnabled
                0x34005dfc       0x28 ./Drivers/STM32N6xx_HAL_Driver/stm32n6xx_hal_rcc_ex.o
 .text.LL_RCC_IC13_GetSource
                0x34005e24       0x1c ./Drivers/STM32N6xx_HAL_Driver/stm32n6xx_hal_rcc_ex.o
 .text.LL_RCC_IC13_GetDivider
                0x34005e40       0x20 ./Drivers/STM32N6xx_HAL_Driver/stm32n6xx_hal_rcc_ex.o
 .text.LL_RCC_IC14_Enable
                0x34005e60       0x1c ./Drivers/STM32N6xx_HAL_Driver/stm32n6xx_hal_rcc_ex.o
 .text.LL_RCC_IC14_IsEnabled
                0x34005e7c       0x28 ./Drivers/STM32N6xx_HAL_Driver/stm32n6xx_hal_rcc_ex.o
 .text.LL_RCC_IC14_GetSource
                0x34005ea4       0x1c ./Drivers/STM32N6xx_HAL_Driver/stm32n6xx_hal_rcc_ex.o
 .text.LL_RCC_IC14_GetDivider
                0x34005ec0       0x20 ./Drivers/STM32N6xx_HAL_Driver/stm32n6xx_hal_rcc_ex.o
 .text.LL_RCC_IC15_Enable
                0x34005ee0       0x1c ./Drivers/STM32N6xx_HAL_Driver/stm32n6xx_hal_rcc_ex.o
 .text.LL_RCC_IC15_IsEnabled
                0x34005efc       0x28 ./Drivers/STM32N6xx_HAL_Driver/stm32n6xx_hal_rcc_ex.o
 .text.LL_RCC_IC15_GetSource
                0x34005f24       0x1c ./Drivers/STM32N6xx_HAL_Driver/stm32n6xx_hal_rcc_ex.o
 .text.LL_RCC_IC15_GetDivider
                0x34005f40       0x20 ./Drivers/STM32N6xx_HAL_Driver/stm32n6xx_hal_rcc_ex.o
 .text.LL_RCC_IC16_Enable
                0x34005f60       0x1c ./Drivers/STM32N6xx_HAL_Driver/stm32n6xx_hal_rcc_ex.o
 .text.LL_RCC_IC16_IsEnabled
                0x34005f7c       0x28 ./Drivers/STM32N6xx_HAL_Driver/stm32n6xx_hal_rcc_ex.o
 .text.LL_RCC_IC16_GetSource
                0x34005fa4       0x1c ./Drivers/STM32N6xx_HAL_Driver/stm32n6xx_hal_rcc_ex.o
 .text.LL_RCC_IC16_GetDivider
                0x34005fc0       0x20 ./Drivers/STM32N6xx_HAL_Driver/stm32n6xx_hal_rcc_ex.o
 .text.LL_RCC_IC17_Enable
                0x34005fe0       0x1c ./Drivers/STM32N6xx_HAL_Driver/stm32n6xx_hal_rcc_ex.o
 .text.LL_RCC_IC17_IsEnabled
                0x34005ffc       0x28 ./Drivers/STM32N6xx_HAL_Driver/stm32n6xx_hal_rcc_ex.o
 .text.LL_RCC_IC17_GetSource
                0x34006024       0x1c ./Drivers/STM32N6xx_HAL_Driver/stm32n6xx_hal_rcc_ex.o
 .text.LL_RCC_IC17_GetDivider
                0x34006040       0x20 ./Drivers/STM32N6xx_HAL_Driver/stm32n6xx_hal_rcc_ex.o
 .text.LL_RCC_IC18_Enable
                0x34006060       0x1c ./Drivers/STM32N6xx_HAL_Driver/stm32n6xx_hal_rcc_ex.o
 .text.LL_RCC_IC18_IsEnabled
                0x3400607c       0x28 ./Drivers/STM32N6xx_HAL_Driver/stm32n6xx_hal_rcc_ex.o
 .text.LL_RCC_IC18_GetSource
                0x340060a4       0x1c ./Drivers/STM32N6xx_HAL_Driver/stm32n6xx_hal_rcc_ex.o
 .text.LL_RCC_IC18_GetDivider
                0x340060c0       0x20 ./Drivers/STM32N6xx_HAL_Driver/stm32n6xx_hal_rcc_ex.o
 .text.LL_RCC_IC19_Enable
                0x340060e0       0x1c ./Drivers/STM32N6xx_HAL_Driver/stm32n6xx_hal_rcc_ex.o
 .text.LL_RCC_IC19_IsEnabled
                0x340060fc       0x28 ./Drivers/STM32N6xx_HAL_Driver/stm32n6xx_hal_rcc_ex.o
 .text.LL_RCC_IC19_GetSource
                0x34006124       0x1c ./Drivers/STM32N6xx_HAL_Driver/stm32n6xx_hal_rcc_ex.o
 .text.LL_RCC_IC19_GetDivider
                0x34006140       0x20 ./Drivers/STM32N6xx_HAL_Driver/stm32n6xx_hal_rcc_ex.o
 .text.LL_RCC_IC20_Enable
                0x34006160       0x1c ./Drivers/STM32N6xx_HAL_Driver/stm32n6xx_hal_rcc_ex.o
 .text.LL_RCC_IC20_IsEnabled
                0x3400617c       0x28 ./Drivers/STM32N6xx_HAL_Driver/stm32n6xx_hal_rcc_ex.o
 .text.LL_RCC_IC20_GetSource
                0x340061a4       0x1c ./Drivers/STM32N6xx_HAL_Driver/stm32n6xx_hal_rcc_ex.o
 .text.LL_RCC_IC20_GetDivider
                0x340061c0       0x20 ./Drivers/STM32N6xx_HAL_Driver/stm32n6xx_hal_rcc_ex.o
 .text.LL_RCC_CLKP_Enable
                0x340061e0       0x1c ./Drivers/STM32N6xx_HAL_Driver/stm32n6xx_hal_rcc_ex.o
 .text.LL_RCC_CLKP_IsEnabled
                0x340061fc       0x28 ./Drivers/STM32N6xx_HAL_Driver/stm32n6xx_hal_rcc_ex.o
 .text.HAL_RCCEx_PeriphCLKConfig
                0x34006224     0x25c8 ./Drivers/STM32N6xx_HAL_Driver/stm32n6xx_hal_rcc_ex.o
                0x34006224                HAL_RCCEx_PeriphCLKConfig
 .text.HAL_RCCEx_GetPeriphCLKFreq
                0x340087ec      0x938 ./Drivers/STM32N6xx_HAL_Driver/stm32n6xx_hal_rcc_ex.o
                0x340087ec                HAL_RCCEx_GetPeriphCLKFreq
 .text.HAL_RCCEx_GetPLL1CLKFreq
                0x34009124       0x8c ./Drivers/STM32N6xx_HAL_Driver/stm32n6xx_hal_rcc_ex.o
                0x34009124                HAL_RCCEx_GetPLL1CLKFreq
 .text.HAL_RCCEx_GetPLL2CLKFreq
                0x340091b0       0x8c ./Drivers/STM32N6xx_HAL_Driver/stm32n6xx_hal_rcc_ex.o
                0x340091b0                HAL_RCCEx_GetPLL2CLKFreq
 .text.HAL_RCCEx_GetPLL3CLKFreq
                0x3400923c       0x8c ./Drivers/STM32N6xx_HAL_Driver/stm32n6xx_hal_rcc_ex.o
                0x3400923c                HAL_RCCEx_GetPLL3CLKFreq
 .text.HAL_RCCEx_GetPLL4CLKFreq
                0x340092c8       0x8c ./Drivers/STM32N6xx_HAL_Driver/stm32n6xx_hal_rcc_ex.o
                0x340092c8                HAL_RCCEx_GetPLL4CLKFreq
 .text.RCCEx_GetHCLKFreq
                0x34009354       0x22 ./Drivers/STM32N6xx_HAL_Driver/stm32n6xx_hal_rcc_ex.o
 .text.RCCEx_GetPCLK1Freq
                0x34009376       0x20 ./Drivers/STM32N6xx_HAL_Driver/stm32n6xx_hal_rcc_ex.o
 .text.RCCEx_GetPCLK2Freq
                0x34009396       0x22 ./Drivers/STM32N6xx_HAL_Driver/stm32n6xx_hal_rcc_ex.o
 .text.RCCEx_GetPCLK4Freq
                0x340093b8       0x22 ./Drivers/STM32N6xx_HAL_Driver/stm32n6xx_hal_rcc_ex.o
 .text.RCCEx_GetPCLK5Freq
                0x340093da       0x22 ./Drivers/STM32N6xx_HAL_Driver/stm32n6xx_hal_rcc_ex.o
 .text.RCCEx_GetPLLSourceFreq
                0x340093fc       0xbc ./Drivers/STM32N6xx_HAL_Driver/stm32n6xx_hal_rcc_ex.o
 .text.RCCEx_CalcPLLFreq
                0x340094b8       0x98 ./Drivers/STM32N6xx_HAL_Driver/stm32n6xx_hal_rcc_ex.o
 .text.RCCEx_GetADCCLKFreq
                0x34009550      0x204 ./Drivers/STM32N6xx_HAL_Driver/stm32n6xx_hal_rcc_ex.o
 .text.RCCEx_GetADFCLKFreq
                0x34009754      0x1d8 ./Drivers/STM32N6xx_HAL_Driver/stm32n6xx_hal_rcc_ex.o
 .text.RCCEx_GetCLKPCLKFreq
                0x3400992c      0x36c ./Drivers/STM32N6xx_HAL_Driver/stm32n6xx_hal_rcc_ex.o
 .text.RCCEx_GetCSICLKFreq
                0x34009c98       0x98 ./Drivers/STM32N6xx_HAL_Driver/stm32n6xx_hal_rcc_ex.o
 .text.RCCEx_GetDCMIPPCLKFreq
                0x34009d30      0x114 ./Drivers/STM32N6xx_HAL_Driver/stm32n6xx_hal_rcc_ex.o
 .text.RCCEx_GetETH1CLKFreq
                0x34009e44      0x100 ./Drivers/STM32N6xx_HAL_Driver/stm32n6xx_hal_rcc_ex.o
 .text.RCCEx_GetETH1PTPCLKFreq
                0x34009f44      0x108 ./Drivers/STM32N6xx_HAL_Driver/stm32n6xx_hal_rcc_ex.o
 .text.RCCEx_GetFDCANCLKFreq
                0x3400a04c      0x100 ./Drivers/STM32N6xx_HAL_Driver/stm32n6xx_hal_rcc_ex.o
 .text.RCCEx_GetFMCCLKFreq
                0x3400a14c      0x16e ./Drivers/STM32N6xx_HAL_Driver/stm32n6xx_hal_rcc_ex.o
 *fill*         0x3400a2ba        0x2 
 .text.RCCEx_GetI2CCLKFreq
                0x3400a2bc      0x350 ./Drivers/STM32N6xx_HAL_Driver/stm32n6xx_hal_rcc_ex.o
 .text.RCCEx_GetI3CCLKFreq
                0x3400a60c      0x268 ./Drivers/STM32N6xx_HAL_Driver/stm32n6xx_hal_rcc_ex.o
 .text.RCCEx_GetLPTIMCLKFreq
                0x3400a874      0x354 ./Drivers/STM32N6xx_HAL_Driver/stm32n6xx_hal_rcc_ex.o
 .text.RCCEx_GetLPUARTCLKFreq
                0x3400abc8      0x204 ./Drivers/STM32N6xx_HAL_Driver/stm32n6xx_hal_rcc_ex.o
 .text.RCCEx_GetLTDCCLKFreq
                0x3400adcc      0x114 ./Drivers/STM32N6xx_HAL_Driver/stm32n6xx_hal_rcc_ex.o
 .text.RCCEx_GetMDFCLKFreq
                0x3400aee0      0x214 ./Drivers/STM32N6xx_HAL_Driver/stm32n6xx_hal_rcc_ex.o
 .text.RCCEx_GetPSSICLKFreq
                0x3400b0f4      0x104 ./Drivers/STM32N6xx_HAL_Driver/stm32n6xx_hal_rcc_ex.o
 .text.RCCEx_GetRTCCLKFreq
                0x3400b1f8       0xa4 ./Drivers/STM32N6xx_HAL_Driver/stm32n6xx_hal_rcc_ex.o
 .text.RCCEx_GetSAICLKFreq
                0x3400b29c      0x2cc ./Drivers/STM32N6xx_HAL_Driver/stm32n6xx_hal_rcc_ex.o
 .text.RCCEx_GetSDMMCCLKFreq
                0x3400b568      0x1d4 ./Drivers/STM32N6xx_HAL_Driver/stm32n6xx_hal_rcc_ex.o
 .text.RCCEx_GetSPDIFRXCLKFreq
                0x3400b73c      0x1c8 ./Drivers/STM32N6xx_HAL_Driver/stm32n6xx_hal_rcc_ex.o
 .text.RCCEx_GetSPICLKFreq
                0x3400b904      0x5a4 ./Drivers/STM32N6xx_HAL_Driver/stm32n6xx_hal_rcc_ex.o
 .text.RCCEx_GetUARTCLKFreq
                0x3400bea8      0x454 ./Drivers/STM32N6xx_HAL_Driver/stm32n6xx_hal_rcc_ex.o
 .text.RCCEx_GetUSARTCLKFreq
                0x3400c2fc      0x454 ./Drivers/STM32N6xx_HAL_Driver/stm32n6xx_hal_rcc_ex.o
 .text.RCCEx_GetOTGPHYCLKFreq
                0x3400c750      0x16c ./Drivers/STM32N6xx_HAL_Driver/stm32n6xx_hal_rcc_ex.o
 .text.RCCEx_GetOTGPHYCKREFCLKFreq
                0x3400c8bc       0xa0 ./Drivers/STM32N6xx_HAL_Driver/stm32n6xx_hal_rcc_ex.o
 .text.RCCEx_GetXSPICLKFreq
                0x3400c95c      0x220 ./Drivers/STM32N6xx_HAL_Driver/stm32n6xx_hal_rcc_ex.o
 .text.HAL_RIF_RIMC_ConfigMasterAttributes
                0x3400cb7c       0x78 ./Drivers/STM32N6xx_HAL_Driver/stm32n6xx_hal_rif.o
                0x3400cb7c                HAL_RIF_RIMC_ConfigMasterAttributes
 .text.HAL_UART_Init
                0x3400cbf4       0xa0 ./Drivers/STM32N6xx_HAL_Driver/stm32n6xx_hal_uart.o
                0x3400cbf4                HAL_UART_Init
 .text.HAL_UART_Transmit
                0x3400cc94      0x132 ./Drivers/STM32N6xx_HAL_Driver/stm32n6xx_hal_uart.o
                0x3400cc94                HAL_UART_Transmit
 *fill*         0x3400cdc6        0x2 
 .text.HAL_UART_Transmit_DMA
                0x3400cdc8      0x190 ./Drivers/STM32N6xx_HAL_Driver/stm32n6xx_hal_uart.o
                0x3400cdc8                HAL_UART_Transmit_DMA
 .text.HAL_UART_Receive_DMA
                0x3400cf58       0xa4 ./Drivers/STM32N6xx_HAL_Driver/stm32n6xx_hal_uart.o
                0x3400cf58                HAL_UART_Receive_DMA
 .text.HAL_UART_AbortTransmit
                0x3400cffc      0x118 ./Drivers/STM32N6xx_HAL_Driver/stm32n6xx_hal_uart.o
                0x3400cffc                HAL_UART_AbortTransmit
 .text.HAL_UART_IRQHandler
                0x3400d114      0x678 ./Drivers/STM32N6xx_HAL_Driver/stm32n6xx_hal_uart.o
                0x3400d114                HAL_UART_IRQHandler
 .text.HAL_UART_TxHalfCpltCallback
                0x3400d78c       0x14 ./Drivers/STM32N6xx_HAL_Driver/stm32n6xx_hal_uart.o
                0x3400d78c                HAL_UART_TxHalfCpltCallback
 .text.HAL_UART_RxHalfCpltCallback
                0x3400d7a0       0x14 ./Drivers/STM32N6xx_HAL_Driver/stm32n6xx_hal_uart.o
                0x3400d7a0                HAL_UART_RxHalfCpltCallback
 .text.HAL_UART_ErrorCallback
                0x3400d7b4       0x14 ./Drivers/STM32N6xx_HAL_Driver/stm32n6xx_hal_uart.o
                0x3400d7b4                HAL_UART_ErrorCallback
 .text.HAL_UARTEx_RxEventCallback
                0x3400d7c8       0x18 ./Drivers/STM32N6xx_HAL_Driver/stm32n6xx_hal_uart.o
                0x3400d7c8                HAL_UARTEx_RxEventCallback
 .text.UART_SetConfig
                0x3400d7e0      0x3d8 ./Drivers/STM32N6xx_HAL_Driver/stm32n6xx_hal_uart.o
                0x3400d7e0                UART_SetConfig
 .text.UART_AdvFeatureConfig
                0x3400dbb8      0x144 ./Drivers/STM32N6xx_HAL_Driver/stm32n6xx_hal_uart.o
                0x3400dbb8                UART_AdvFeatureConfig
 .text.UART_CheckIdleState
                0x3400dcfc      0x154 ./Drivers/STM32N6xx_HAL_Driver/stm32n6xx_hal_uart.o
                0x3400dcfc                UART_CheckIdleState
 .text.UART_WaitOnFlagUntilTimeout
                0x3400de50       0xda ./Drivers/STM32N6xx_HAL_Driver/stm32n6xx_hal_uart.o
                0x3400de50                UART_WaitOnFlagUntilTimeout
 *fill*         0x3400df2a        0x2 
 .text.UART_Start_Receive_DMA
                0x3400df2c      0x1f0 ./Drivers/STM32N6xx_HAL_Driver/stm32n6xx_hal_uart.o
                0x3400df2c                UART_Start_Receive_DMA
 .text.UART_EndTxTransfer
                0x3400e11c       0x82 ./Drivers/STM32N6xx_HAL_Driver/stm32n6xx_hal_uart.o
 .text.UART_EndRxTransfer
                0x3400e19e       0xcc ./Drivers/STM32N6xx_HAL_Driver/stm32n6xx_hal_uart.o
 .text.UART_DMATransmitCplt
                0x3400e26a       0x8c ./Drivers/STM32N6xx_HAL_Driver/stm32n6xx_hal_uart.o
 .text.UART_DMATxHalfCplt
                0x3400e2f6       0x1c ./Drivers/STM32N6xx_HAL_Driver/stm32n6xx_hal_uart.o
 .text.UART_DMAReceiveCplt
                0x3400e312      0x14c ./Drivers/STM32N6xx_HAL_Driver/stm32n6xx_hal_uart.o
 .text.UART_DMARxHalfCplt
                0x3400e45e       0x72 ./Drivers/STM32N6xx_HAL_Driver/stm32n6xx_hal_uart.o
 .text.UART_DMAError
                0x3400e4d0       0x70 ./Drivers/STM32N6xx_HAL_Driver/stm32n6xx_hal_uart.o
 .text.UART_DMAAbortOnError
                0x3400e540       0x1c ./Drivers/STM32N6xx_HAL_Driver/stm32n6xx_hal_uart.o
 .text.UART_EndTransmit_IT
                0x3400e55c       0x56 ./Drivers/STM32N6xx_HAL_Driver/stm32n6xx_hal_uart.o
 .text.HAL_UARTEx_WakeupCallback
                0x3400e5b2       0x14 ./Drivers/STM32N6xx_HAL_Driver/stm32n6xx_hal_uart_ex.o
                0x3400e5b2                HAL_UARTEx_WakeupCallback
 .text.HAL_UARTEx_RxFifoFullCallback
                0x3400e5c6       0x14 ./Drivers/STM32N6xx_HAL_Driver/stm32n6xx_hal_uart_ex.o
                0x3400e5c6                HAL_UARTEx_RxFifoFullCallback
 .text.HAL_UARTEx_TxFifoEmptyCallback
                0x3400e5da       0x14 ./Drivers/STM32N6xx_HAL_Driver/stm32n6xx_hal_uart_ex.o
                0x3400e5da                HAL_UARTEx_TxFifoEmptyCallback
 .text.HAL_UARTEx_DisableFifoMode
                0x3400e5ee       0x72 ./Drivers/STM32N6xx_HAL_Driver/stm32n6xx_hal_uart_ex.o
                0x3400e5ee                HAL_UARTEx_DisableFifoMode
 .text.HAL_UARTEx_SetTxFifoThreshold
                0x3400e660       0x7c ./Drivers/STM32N6xx_HAL_Driver/stm32n6xx_hal_uart_ex.o
                0x3400e660                HAL_UARTEx_SetTxFifoThreshold
 .text.HAL_UARTEx_SetRxFifoThreshold
                0x3400e6dc       0x7c ./Drivers/STM32N6xx_HAL_Driver/stm32n6xx_hal_uart_ex.o
                0x3400e6dc                HAL_UARTEx_SetRxFifoThreshold
 .text.UARTEx_SetNbDataToProcess
                0x3400e758       0x9c ./Drivers/STM32N6xx_HAL_Driver/stm32n6xx_hal_uart_ex.o
 .text.LL_AHB5_GRP1_IsEnabledClock
                0x3400e7f4       0x30 ./Drivers/STM32N6xx_HAL_Driver/stm32n6xx_hal_xspi.o
 .text.HAL_XSPI_Init
                0x3400e824      0x220 ./Drivers/STM32N6xx_HAL_Driver/stm32n6xx_hal_xspi.o
                0x3400e824                HAL_XSPI_Init
 .text.HAL_XSPI_SetTimeout
                0x3400ea44       0x1e ./Drivers/STM32N6xx_HAL_Driver/stm32n6xx_hal_xspi.o
                0x3400ea44                HAL_XSPI_SetTimeout
 *fill*         0x3400ea62        0x2 
 .text.HAL_XSPIM_Config
                0x3400ea64      0x258 ./Drivers/STM32N6xx_HAL_Driver/stm32n6xx_hal_xspi.o
                0x3400ea64                HAL_XSPIM_Config
 .text.XSPI_WaitFlagStateUntilTimeout
                0x3400ecbc       0x6c ./Drivers/STM32N6xx_HAL_Driver/stm32n6xx_hal_xspi.o
 .text.XSPIM_GetConfig
                0x3400ed28       0xc8 ./Drivers/STM32N6xx_HAL_Driver/stm32n6xx_hal_xspi.o
 .text._ZdlPvj  0x3400edf0        0x4 C:/ST/STM32CubeIDE_2.0.0/STM32CubeIDE/plugins/com.st.stm32cube.ide.mcu.externaltools.gnu-tools-for-stm32.14.3.rel1.win32_1.0.100.202602081740/tools/bin/../lib/gcc/arm-none-eabi/14.3.1/../../../../arm-none-eabi/lib/thumb/v8-m.main+dp/hard\libstdc++_nano.a(del_ops.o)
                0x3400edf0                operator delete(void*, unsigned int)
 .text._ZdlPv   0x3400edf4        0x4 C:/ST/STM32CubeIDE_2.0.0/STM32CubeIDE/plugins/com.st.stm32cube.ide.mcu.externaltools.gnu-tools-for-stm32.14.3.rel1.win32_1.0.100.202602081740/tools/bin/../lib/gcc/arm-none-eabi/14.3.1/../../../../arm-none-eabi/lib/thumb/v8-m.main+dp/hard\libstdc++_nano.a(del_op.o)
                0x3400edf4                operator delete(void*)
 .text.free     0x3400edf8       0x10 C:/ST/STM32CubeIDE_2.0.0/STM32CubeIDE/plugins/com.st.stm32cube.ide.mcu.externaltools.gnu-tools-for-stm32.14.3.rel1.win32_1.0.100.202602081740/tools/bin/../lib/gcc/arm-none-eabi/14.3.1/../../../../arm-none-eabi/lib/thumb/v8-m.main+dp/hard\libc_nano.a(libc_a-malloc.o)
                0x3400edf8                free
 .text.sbrk_aligned
                0x3400ee08       0x44 C:/ST/STM32CubeIDE_2.0.0/STM32CubeIDE/plugins/com.st.stm32cube.ide.mcu.externaltools.gnu-tools-for-stm32.14.3.rel1.win32_1.0.100.202602081740/tools/bin/../lib/gcc/arm-none-eabi/14.3.1/../../../../arm-none-eabi/lib/thumb/v8-m.main+dp/hard\libc_nano.a(libc_a-mallocr.o)
 .text._malloc_r
                0x3400ee4c      0x100 C:/ST/STM32CubeIDE_2.0.0/STM32CubeIDE/plugins/com.st.stm32cube.ide.mcu.externaltools.gnu-tools-for-stm32.14.3.rel1.win32_1.0.100.202602081740/tools/bin/../lib/gcc/arm-none-eabi/14.3.1/../../../../arm-none-eabi/lib/thumb/v8-m.main+dp/hard\libc_nano.a(libc_a-mallocr.o)
                0x3400ee4c                _malloc_r
 .text.__malloc_lock
                0x3400ef4c        0xc C:/ST/STM32CubeIDE_2.0.0/STM32CubeIDE/plugins/com.st.stm32cube.ide.mcu.externaltools.gnu-tools-for-stm32.14.3.rel1.win32_1.0.100.202602081740/tools/bin/../lib/gcc/arm-none-eabi/14.3.1/../../../../arm-none-eabi/lib/thumb/v8-m.main+dp/hard\libc_nano.a(libc_a-mlock.o)
                0x3400ef4c                __malloc_lock
 .text.__malloc_unlock
                0x3400ef58        0xc C:/ST/STM32CubeIDE_2.0.0/STM32CubeIDE/plugins/com.st.stm32cube.ide.mcu.externaltools.gnu-tools-for-stm32.14.3.rel1.win32_1.0.100.202602081740/tools/bin/../lib/gcc/arm-none-eabi/14.3.1/../../../../arm-none-eabi/lib/thumb/v8-m.main+dp/hard\libc_nano.a(libc_a-mlock.o)
                0x3400ef58                __malloc_unlock
 .text.std      0x3400ef64       0x6c C:/ST/STM32CubeIDE_2.0.0/STM32CubeIDE/plugins/com.st.stm32cube.ide.mcu.externaltools.gnu-tools-for-stm32.14.3.rel1.win32_1.0.100.202602081740/tools/bin/../lib/gcc/arm-none-eabi/14.3.1/../../../../arm-none-eabi/lib/thumb/v8-m.main+dp/hard\libc_nano.a(libc_a-findfp.o)
 .text.stdio_exit_handler
                0x3400efd0       0x18 C:/ST/STM32CubeIDE_2.0.0/STM32CubeIDE/plugins/com.st.stm32cube.ide.mcu.externaltools.gnu-tools-for-stm32.14.3.rel1.win32_1.0.100.202602081740/tools/bin/../lib/gcc/arm-none-eabi/14.3.1/../../../../arm-none-eabi/lib/thumb/v8-m.main+dp/hard\libc_nano.a(libc_a-findfp.o)
 .text.cleanup_stdio
                0x3400efe8       0x40 C:/ST/STM32CubeIDE_2.0.0/STM32CubeIDE/plugins/com.st.stm32cube.ide.mcu.externaltools.gnu-tools-for-stm32.14.3.rel1.win32_1.0.100.202602081740/tools/bin/../lib/gcc/arm-none-eabi/14.3.1/../../../../arm-none-eabi/lib/thumb/v8-m.main+dp/hard\libc_nano.a(libc_a-findfp.o)
 .text.global_stdio_init.part.0
                0x3400f028       0x40 C:/ST/STM32CubeIDE_2.0.0/STM32CubeIDE/plugins/com.st.stm32cube.ide.mcu.externaltools.gnu-tools-for-stm32.14.3.rel1.win32_1.0.100.202602081740/tools/bin/../lib/gcc/arm-none-eabi/14.3.1/../../../../arm-none-eabi/lib/thumb/v8-m.main+dp/hard\libc_nano.a(libc_a-findfp.o)
 .text.__sfp_lock_acquire
                0x3400f068        0xc C:/ST/STM32CubeIDE_2.0.0/STM32CubeIDE/plugins/com.st.stm32cube.ide.mcu.externaltools.gnu-tools-for-stm32.14.3.rel1.win32_1.0.100.202602081740/tools/bin/../lib/gcc/arm-none-eabi/14.3.1/../../../../arm-none-eabi/lib/thumb/v8-m.main+dp/hard\libc_nano.a(libc_a-findfp.o)
                0x3400f068                __sfp_lock_acquire
 .text.__sfp_lock_release
                0x3400f074        0xc C:/ST/STM32CubeIDE_2.0.0/STM32CubeIDE/plugins/com.st.stm32cube.ide.mcu.externaltools.gnu-tools-for-stm32.14.3.rel1.win32_1.0.100.202602081740/tools/bin/../lib/gcc/arm-none-eabi/14.3.1/../../../../arm-none-eabi/lib/thumb/v8-m.main+dp/hard\libc_nano.a(libc_a-findfp.o)
                0x3400f074                __sfp_lock_release
 .text.__sinit  0x3400f080       0x30 C:/ST/STM32CubeIDE_2.0.0/STM32CubeIDE/plugins/com.st.stm32cube.ide.mcu.externaltools.gnu-tools-for-stm32.14.3.rel1.win32_1.0.100.202602081740/tools/bin/../lib/gcc/arm-none-eabi/14.3.1/../../../../arm-none-eabi/lib/thumb/v8-m.main+dp/hard\libc_nano.a(libc_a-findfp.o)
                0x3400f080                __sinit
 .text._fwalk_sglue
                0x3400f0b0       0x3c C:/ST/STM32CubeIDE_2.0.0/STM32CubeIDE/plugins/com.st.stm32cube.ide.mcu.externaltools.gnu-tools-for-stm32.14.3.rel1.win32_1.0.100.202602081740/tools/bin/../lib/gcc/arm-none-eabi/14.3.1/../../../../arm-none-eabi/lib/thumb/v8-m.main+dp/hard\libc_nano.a(libc_a-fwalk.o)
                0x3400f0b0                _fwalk_sglue
 .text.printf   0x3400f0ec       0x24 C:/ST/STM32CubeIDE_2.0.0/STM32CubeIDE/plugins/com.st.stm32cube.ide.mcu.externaltools.gnu-tools-for-stm32.14.3.rel1.win32_1.0.100.202602081740/tools/bin/../lib/gcc/arm-none-eabi/14.3.1/../../../../arm-none-eabi/lib/thumb/v8-m.main+dp/hard\libc_nano.a(libc_a-printf.o)
                0x3400f0ec                iprintf
                0x3400f0ec                printf
 .text.__sread  0x3400f110       0x22 C:/ST/STM32CubeIDE_2.0.0/STM32CubeIDE/plugins/com.st.stm32cube.ide.mcu.externaltools.gnu-tools-for-stm32.14.3.rel1.win32_1.0.100.202602081740/tools/bin/../lib/gcc/arm-none-eabi/14.3.1/../../../../arm-none-eabi/lib/thumb/v8-m.main+dp/hard\libc_nano.a(libc_a-stdio.o)
                0x3400f110                __sread
 .text.__swrite
                0x3400f132       0x38 C:/ST/STM32CubeIDE_2.0.0/STM32CubeIDE/plugins/com.st.stm32cube.ide.mcu.externaltools.gnu-tools-for-stm32.14.3.rel1.win32_1.0.100.202602081740/tools/bin/../lib/gcc/arm-none-eabi/14.3.1/../../../../arm-none-eabi/lib/thumb/v8-m.main+dp/hard\libc_nano.a(libc_a-stdio.o)
                0x3400f132                __swrite
 .text.__sseek  0x3400f16a       0x26 C:/ST/STM32CubeIDE_2.0.0/STM32CubeIDE/plugins/com.st.stm32cube.ide.mcu.externaltools.gnu-tools-for-stm32.14.3.rel1.win32_1.0.100.202602081740/tools/bin/../lib/gcc/arm-none-eabi/14.3.1/../../../../arm-none-eabi/lib/thumb/v8-m.main+dp/hard\libc_nano.a(libc_a-stdio.o)
                0x3400f16a                __sseek
 .text.__sclose
                0x3400f190        0x8 C:/ST/STM32CubeIDE_2.0.0/STM32CubeIDE/plugins/com.st.stm32cube.ide.mcu.externaltools.gnu-tools-for-stm32.14.3.rel1.win32_1.0.100.202602081740/tools/bin/../lib/gcc/arm-none-eabi/14.3.1/../../../../arm-none-eabi/lib/thumb/v8-m.main+dp/hard\libc_nano.a(libc_a-stdio.o)
                0x3400f190                __sclose
 .text.__swbuf_r
                0x3400f198       0x7c C:/ST/STM32CubeIDE_2.0.0/STM32CubeIDE/plugins/com.st.stm32cube.ide.mcu.externaltools.gnu-tools-for-stm32.14.3.rel1.win32_1.0.100.202602081740/tools/bin/../lib/gcc/arm-none-eabi/14.3.1/../../../../arm-none-eabi/lib/thumb/v8-m.main+dp/hard\libc_nano.a(libc_a-wbuf.o)
                0x3400f198                __swbuf_r
 .text.__swsetup_r
                0x3400f214       0xa8 C:/ST/STM32CubeIDE_2.0.0/STM32CubeIDE/plugins/com.st.stm32cube.ide.mcu.externaltools.gnu-tools-for-stm32.14.3.rel1.win32_1.0.100.202602081740/tools/bin/../lib/gcc/arm-none-eabi/14.3.1/../../../../arm-none-eabi/lib/thumb/v8-m.main+dp/hard\libc_nano.a(libc_a-wsetup.o)
                0x3400f214                __swsetup_r
 .text.memset   0x3400f2bc       0x10 C:/ST/STM32CubeIDE_2.0.0/STM32CubeIDE/plugins/com.st.stm32cube.ide.mcu.externaltools.gnu-tools-for-stm32.14.3.rel1.win32_1.0.100.202602081740/tools/bin/../lib/gcc/arm-none-eabi/14.3.1/../../../../arm-none-eabi/lib/thumb/v8-m.main+dp/hard\libc_nano.a(libc_a-memset.o)
                0x3400f2bc                memset
 .text._close_r
                0x3400f2cc       0x20 C:/ST/STM32CubeIDE_2.0.0/STM32CubeIDE/plugins/com.st.stm32cube.ide.mcu.externaltools.gnu-tools-for-stm32.14.3.rel1.win32_1.0.100.202602081740/tools/bin/../lib/gcc/arm-none-eabi/14.3.1/../../../../arm-none-eabi/lib/thumb/v8-m.main+dp/hard\libc_nano.a(libc_a-closer.o)
                0x3400f2cc                _close_r
 .text._lseek_r
                0x3400f2ec       0x24 C:/ST/STM32CubeIDE_2.0.0/STM32CubeIDE/plugins/com.st.stm32cube.ide.mcu.externaltools.gnu-tools-for-stm32.14.3.rel1.win32_1.0.100.202602081740/tools/bin/../lib/gcc/arm-none-eabi/14.3.1/../../../../arm-none-eabi/lib/thumb/v8-m.main+dp/hard\libc_nano.a(libc_a-lseekr.o)
                0x3400f2ec                _lseek_r
 .text._read_r  0x3400f310       0x24 C:/ST/STM32CubeIDE_2.0.0/STM32CubeIDE/plugins/com.st.stm32cube.ide.mcu.externaltools.gnu-tools-for-stm32.14.3.rel1.win32_1.0.100.202602081740/tools/bin/../lib/gcc/arm-none-eabi/14.3.1/../../../../arm-none-eabi/lib/thumb/v8-m.main+dp/hard\libc_nano.a(libc_a-readr.o)
                0x3400f310                _read_r
 .text._sbrk_r  0x3400f334       0x20 C:/ST/STM32CubeIDE_2.0.0/STM32CubeIDE/plugins/com.st.stm32cube.ide.mcu.externaltools.gnu-tools-for-stm32.14.3.rel1.win32_1.0.100.202602081740/tools/bin/../lib/gcc/arm-none-eabi/14.3.1/../../../../arm-none-eabi/lib/thumb/v8-m.main+dp/hard\libc_nano.a(libc_a-sbrkr.o)
                0x3400f334                _sbrk_r
 .text._write_r
                0x3400f354       0x24 C:/ST/STM32CubeIDE_2.0.0/STM32CubeIDE/plugins/com.st.stm32cube.ide.mcu.externaltools.gnu-tools-for-stm32.14.3.rel1.win32_1.0.100.202602081740/tools/bin/../lib/gcc/arm-none-eabi/14.3.1/../../../../arm-none-eabi/lib/thumb/v8-m.main+dp/hard\libc_nano.a(libc_a-writer.o)
                0x3400f354                _write_r
 .text.__errno  0x3400f378        0xc C:/ST/STM32CubeIDE_2.0.0/STM32CubeIDE/plugins/com.st.stm32cube.ide.mcu.externaltools.gnu-tools-for-stm32.14.3.rel1.win32_1.0.100.202602081740/tools/bin/../lib/gcc/arm-none-eabi/14.3.1/../../../../arm-none-eabi/lib/thumb/v8-m.main+dp/hard\libc_nano.a(libc_a-errno.o)
                0x3400f378                __errno
 .text.__libc_init_array
                0x3400f384       0x48 C:/ST/STM32CubeIDE_2.0.0/STM32CubeIDE/plugins/com.st.stm32cube.ide.mcu.externaltools.gnu-tools-for-stm32.14.3.rel1.win32_1.0.100.202602081740/tools/bin/../lib/gcc/arm-none-eabi/14.3.1/../../../../arm-none-eabi/lib/thumb/v8-m.main+dp/hard\libc_nano.a(libc_a-init.o)
                0x3400f384                __libc_init_array
 .text.__retarget_lock_init_recursive
                0x3400f3cc        0x2 C:/ST/STM32CubeIDE_2.0.0/STM32CubeIDE/plugins/com.st.stm32cube.ide.mcu.externaltools.gnu-tools-for-stm32.14.3.rel1.win32_1.0.100.202602081740/tools/bin/../lib/gcc/arm-none-eabi/14.3.1/../../../../arm-none-eabi/lib/thumb/v8-m.main+dp/hard\libc_nano.a(libc_a-lock.o)
                0x3400f3cc                __retarget_lock_init_recursive
 .text.__retarget_lock_acquire_recursive
                0x3400f3ce        0x2 C:/ST/STM32CubeIDE_2.0.0/STM32CubeIDE/plugins/com.st.stm32cube.ide.mcu.externaltools.gnu-tools-for-stm32.14.3.rel1.win32_1.0.100.202602081740/tools/bin/../lib/gcc/arm-none-eabi/14.3.1/../../../../arm-none-eabi/lib/thumb/v8-m.main+dp/hard\libc_nano.a(libc_a-lock.o)
                0x3400f3ce                __retarget_lock_acquire_recursive
 .text.__retarget_lock_release_recursive
                0x3400f3d0        0x2 C:/ST/STM32CubeIDE_2.0.0/STM32CubeIDE/plugins/com.st.stm32cube.ide.mcu.externaltools.gnu-tools-for-stm32.14.3.rel1.win32_1.0.100.202602081740/tools/bin/../lib/gcc/arm-none-eabi/14.3.1/../../../../arm-none-eabi/lib/thumb/v8-m.main+dp/hard\libc_nano.a(libc_a-lock.o)
                0x3400f3d0                __retarget_lock_release_recursive
 *fill*         0x3400f3d2        0x2 
 .text._free_r  0x3400f3d4       0x94 C:/ST/STM32CubeIDE_2.0.0/STM32CubeIDE/plugins/com.st.stm32cube.ide.mcu.externaltools.gnu-tools-for-stm32.14.3.rel1.win32_1.0.100.202602081740/tools/bin/../lib/gcc/arm-none-eabi/14.3.1/../../../../arm-none-eabi/lib/thumb/v8-m.main+dp/hard\libc_nano.a(libc_a-freer.o)
                0x3400f3d4                _free_r
 .text.__sfputc_r
                0x3400f468       0x2e C:/ST/STM32CubeIDE_2.0.0/STM32CubeIDE/plugins/com.st.stm32cube.ide.mcu.externaltools.gnu-tools-for-stm32.14.3.rel1.win32_1.0.100.202602081740/tools/bin/../lib/gcc/arm-none-eabi/14.3.1/../../../../arm-none-eabi/lib/thumb/v8-m.main+dp/hard\libc_nano.a(libc_a-nano-vfprintf.o)
 .text.__sfputs_r
                0x3400f496       0x24 C:/ST/STM32CubeIDE_2.0.0/STM32CubeIDE/plugins/com.st.stm32cube.ide.mcu.externaltools.gnu-tools-for-stm32.14.3.rel1.win32_1.0.100.202602081740/tools/bin/../lib/gcc/arm-none-eabi/14.3.1/../../../../arm-none-eabi/lib/thumb/v8-m.main+dp/hard\libc_nano.a(libc_a-nano-vfprintf.o)
                0x3400f496                __sfputs_r
 *fill*         0x3400f4ba        0x2 
 .text._vfprintf_r
                0x3400f4bc      0x228 C:/ST/STM32CubeIDE_2.0.0/STM32CubeIDE/plugins/com.st.stm32cube.ide.mcu.externaltools.gnu-tools-for-stm32.14.3.rel1.win32_1.0.100.202602081740/tools/bin/../lib/gcc/arm-none-eabi/14.3.1/../../../../arm-none-eabi/lib/thumb/v8-m.main+dp/hard\libc_nano.a(libc_a-nano-vfprintf.o)
                0x3400f4bc                _vfprintf_r
                0x3400f4bc                _vfiprintf_r
 .text._printf_common
                0x3400f6e4       0xe4 C:/ST/STM32CubeIDE_2.0.0/STM32CubeIDE/plugins/com.st.stm32cube.ide.mcu.externaltools.gnu-tools-for-stm32.14.3.rel1.win32_1.0.100.202602081740/tools/bin/../lib/gcc/arm-none-eabi/14.3.1/../../../../arm-none-eabi/lib/thumb/v8-m.main+dp/hard\libc_nano.a(libc_a-nano-vfprintf_i.o)
                0x3400f6e4                _printf_common
 .text._printf_i
                0x3400f7c8      0x24c C:/ST/STM32CubeIDE_2.0.0/STM32CubeIDE/plugins/com.st.stm32cube.ide.mcu.externaltools.gnu-tools-for-stm32.14.3.rel1.win32_1.0.100.202602081740/tools/bin/../lib/gcc/arm-none-eabi/14.3.1/../../../../arm-none-eabi/lib/thumb/v8-m.main+dp/hard\libc_nano.a(libc_a-nano-vfprintf_i.o)
                0x3400f7c8                _printf_i
 .text.__sflush_r
                0x3400fa14      0x100 C:/ST/STM32CubeIDE_2.0.0/STM32CubeIDE/plugins/com.st.stm32cube.ide.mcu.externaltools.gnu-tools-for-stm32.14.3.rel1.win32_1.0.100.202602081740/tools/bin/../lib/gcc/arm-none-eabi/14.3.1/../../../../arm-none-eabi/lib/thumb/v8-m.main+dp/hard\libc_nano.a(libc_a-fflush.o)
                0x3400fa14                __sflush_r
 .text._fflush_r
                0x3400fb14       0x50 C:/ST/STM32CubeIDE_2.0.0/STM32CubeIDE/plugins/com.st.stm32cube.ide.mcu.externaltools.gnu-tools-for-stm32.14.3.rel1.win32_1.0.100.202602081740/tools/bin/../lib/gcc/arm-none-eabi/14.3.1/../../../../arm-none-eabi/lib/thumb/v8-m.main+dp/hard\libc_nano.a(libc_a-fflush.o)
                0x3400fb14                _fflush_r
 .text.__swhatbuf_r
                0x3400fb64       0x48 C:/ST/STM32CubeIDE_2.0.0/STM32CubeIDE/plugins/com.st.stm32cube.ide.mcu.externaltools.gnu-tools-for-stm32.14.3.rel1.win32_1.0.100.202602081740/tools/bin/../lib/gcc/arm-none-eabi/14.3.1/../../../../arm-none-eabi/lib/thumb/v8-m.main+dp/hard\libc_nano.a(libc_a-makebuf.o)
                0x3400fb64                __swhatbuf_r
 .text.__smakebuf_r
                0x3400fbac       0x72 C:/ST/STM32CubeIDE_2.0.0/STM32CubeIDE/plugins/com.st.stm32cube.ide.mcu.externaltools.gnu-tools-for-stm32.14.3.rel1.win32_1.0.100.202602081740/tools/bin/../lib/gcc/arm-none-eabi/14.3.1/../../../../arm-none-eabi/lib/thumb/v8-m.main+dp/hard\libc_nano.a(libc_a-makebuf.o)
                0x3400fbac                __smakebuf_r
 *fill*         0x3400fc1e        0x2 
 .text._fstat_r
                0x3400fc20       0x24 C:/ST/STM32CubeIDE_2.0.0/STM32CubeIDE/plugins/com.st.stm32cube.ide.mcu.externaltools.gnu-tools-for-stm32.14.3.rel1.win32_1.0.100.202602081740/tools/bin/../lib/gcc/arm-none-eabi/14.3.1/../../../../arm-none-eabi/lib/thumb/v8-m.main+dp/hard\libc_nano.a(libc_a-fstatr.o)
                0x3400fc20                _fstat_r
 .text._isatty_r
                0x3400fc44       0x20 C:/ST/STM32CubeIDE_2.0.0/STM32CubeIDE/plugins/com.st.stm32cube.ide.mcu.externaltools.gnu-tools-for-stm32.14.3.rel1.win32_1.0.100.202602081740/tools/bin/../lib/gcc/arm-none-eabi/14.3.1/../../../../arm-none-eabi/lib/thumb/v8-m.main+dp/hard\libc_nano.a(libc_a-isattyr.o)
                0x3400fc44                _isatty_r
 .text.memchr   0x3400fc64       0x1c C:/ST/STM32CubeIDE_2.0.0/STM32CubeIDE/plugins/com.st.stm32cube.ide.mcu.externaltools.gnu-tools-for-stm32.14.3.rel1.win32_1.0.100.202602081740/tools/bin/../lib/gcc/arm-none-eabi/14.3.1/../../../../arm-none-eabi/lib/thumb/v8-m.main+dp/hard\libc_nano.a(libc_a-memchr-stub.o)
                0x3400fc64                memchr
 .text._close   0x3400fc80       0x10 C:/ST/STM32CubeIDE_2.0.0/STM32CubeIDE/plugins/com.st.stm32cube.ide.mcu.externaltools.gnu-tools-for-stm32.14.3.rel1.win32_1.0.100.202602081740/tools/bin/../lib/gcc/arm-none-eabi/14.3.1/../../../../arm-none-eabi/lib/thumb/v8-m.main+dp/hard\libnosys.a(close.o)
                0x3400fc80                _close
 .text._fstat   0x3400fc90       0x10 C:/ST/STM32CubeIDE_2.0.0/STM32CubeIDE/plugins/com.st.stm32cube.ide.mcu.externaltools.gnu-tools-for-stm32.14.3.rel1.win32_1.0.100.202602081740/tools/bin/../lib/gcc/arm-none-eabi/14.3.1/../../../../arm-none-eabi/lib/thumb/v8-m.main+dp/hard\libnosys.a(fstat.o)
                0x3400fc90                _fstat
 .text._isatty  0x3400fca0       0x10 C:/ST/STM32CubeIDE_2.0.0/STM32CubeIDE/plugins/com.st.stm32cube.ide.mcu.externaltools.gnu-tools-for-stm32.14.3.rel1.win32_1.0.100.202602081740/tools/bin/../lib/gcc/arm-none-eabi/14.3.1/../../../../arm-none-eabi/lib/thumb/v8-m.main+dp/hard\libnosys.a(isatty.o)
                0x3400fca0                _isatty
 .text._lseek   0x3400fcb0       0x10 C:/ST/STM32CubeIDE_2.0.0/STM32CubeIDE/plugins/com.st.stm32cube.ide.mcu.externaltools.gnu-tools-for-stm32.14.3.rel1.win32_1.0.100.202602081740/tools/bin/../lib/gcc/arm-none-eabi/14.3.1/../../../../arm-none-eabi/lib/thumb/v8-m.main+dp/hard\libnosys.a(lseek.o)
                0x3400fcb0                _lseek
 .text._read    0x3400fcc0       0x10 C:/ST/STM32CubeIDE_2.0.0/STM32CubeIDE/plugins/com.st.stm32cube.ide.mcu.externaltools.gnu-tools-for-stm32.14.3.rel1.win32_1.0.100.202602081740/tools/bin/../lib/gcc/arm-none-eabi/14.3.1/../../../../arm-none-eabi/lib/thumb/v8-m.main+dp/hard\libnosys.a(read.o)
                0x3400fcc0                _read
 *(.glue_7)
 .glue_7        0x3400fcd0        0x0 linker stubs
 *(.glue_7t)
 .glue_7t       0x3400fcd0        0x0 linker stubs
 *(.eh_frame)
 .eh_frame      0x3400fcd0        0x0 C:/ST/STM32CubeIDE_2.0.0/STM32CubeIDE/plugins/com.st.stm32cube.ide.mcu.externaltools.gnu-tools-for-stm32.14.3.rel1.win32_1.0.100.202602081740/tools/bin/../lib/gcc/arm-none-eabi/14.3.1/thumb/v8-m.main+dp/hard/crtbegin.o
 *(.RamFunc)
 *(.RamFunc*)
 *(.init)
 .init          0x3400fcd0        0x4 C:/ST/STM32CubeIDE_2.0.0/STM32CubeIDE/plugins/com.st.stm32cube.ide.mcu.externaltools.gnu-tools-for-stm32.14.3.rel1.win32_1.0.100.202602081740/tools/bin/../lib/gcc/arm-none-eabi/14.3.1/thumb/v8-m.main+dp/hard/crti.o
                0x3400fcd0                _init
 .init          0x3400fcd4        0x8 C:/ST/STM32CubeIDE_2.0.0/STM32CubeIDE/plugins/com.st.stm32cube.ide.mcu.externaltools.gnu-tools-for-stm32.14.3.rel1.win32_1.0.100.202602081740/tools/bin/../lib/gcc/arm-none-eabi/14.3.1/thumb/v8-m.main+dp/hard/crtn.o
 *(.fini)