../../Drivers/STM32N6xx_HAL_Driver/Inc/stm32n6xx_ll_bus.h:879:22:LL_AHB1_GRP1_EnableClock	1
../../Drivers/STM32N6xx_HAL_Driver/Inc/stm32n6xx_ll_bus.h:1407:22:LL_AHB4_GRP1_EnableClock	1
../Core/Src/main.c:69:5:main	1
../Core/Src/main.c:124:6:SystemClock_Config	9
../Core/Src/main.c:232:13:MX_GPDMA1_Init	1
../Core/Src/main.c:256:13:MX_XSPI2_Init	3
../Core/Src/main.c:307:13:MX_GPIO_Init	1
../Core/Src/main.c:364:27:_write	2
../Core/Src/main.c:375:6:BOOT_Application	1
../Core/Src/main.c:410:6:Error_Handler	1
