../../Drivers/STM32N6xx_HAL_Driver/Inc/stm32n6xx_ll_bus.h:879:22:LL_AHB1_GRP1_EnableClock	24	static
../../Drivers/STM32N6xx_HAL_Driver/Inc/stm32n6xx_ll_bus.h:1407:22:LL_AHB4_GRP1_EnableClock	24	static
../Core/Src/main.c:71:5:main	16	static
../Core/Src/main.c:181:6:SystemClock_Config	224	static
../Core/Src/main.c:289:13:MX_GPDMA1_Init	8	static
../Core/Src/main.c:313:13:MX_XSPI2_Init	24	static
../Core/Src/main.c:364:13:MX_GPIO_Init	32	static
../Core/Src/main.c:425:6:BOOT_Application	24	static,ignoring_inline_asm
../Core/Src/main.c:450:6:BSP_PB_Callback	16	static
../Core/Src/main.c:462:6:Error_Handler	4	static,ignoring_inline_asm
